###############################################################################
# Copyright (c) 2012 Red Hat, Inc. and others.
# All rights reserved. This program and the accompanying materials
# are made available under the terms of the Eclipse Public License v1.0
# which accompanies this distribution, and is available at
# http://www.eclipse.org/legal/epl-v10.html
#
# Contributors:
#     Red Hat, Inc. - initial API and implementation
###############################################################################


# Some sources are not mapped as source, but as downloadable plugins, but Fedora needs them.


# EMF is needed for 4.2 build
feature@org.eclipse.emf.common=GIT,tag=master,repo=git://git.eclipse.org/gitroot/emf/org.eclipse.emf.git,path=features/org.eclipse.emf.common-feature
feature@org.eclipse.emf.ecore=GIT,tag=master,repo=git://git.eclipse.org/gitroot/emf/org.eclipse.emf.git,path=features/org.eclipse.emf.ecore-feature
feature@org.eclipse.emf.license=GIT,tag=master,repo=git://git.eclipse.org/gitroot/emf/org.eclipse.emf.git,path=features/org.eclipse.emf.license-feature

plugin@org.eclipse.emf.common=GIT,tag=master,repo=git://git.eclipse.org/gitroot/emf/org.eclipse.emf.git,path=plugins/org.eclipse.emf.common
plugin@org.eclipse.emf.ecore=GIT,tag=master,repo=git://git.eclipse.org/gitroot/emf/org.eclipse.emf.git,path=plugins/org.eclipse.emf.ecore
plugin@org.eclipse.emf.ecore.change=GIT,tag=master,repo=git://git.eclipse.org/gitroot/emf/org.eclipse.emf.git,path=plugins/org.eclipse.emf.ecore.change
plugin@org.eclipse.emf.ecore.xmi=GIT,tag=master,repo=git://git.eclipse.org/gitroot/emf/org.eclipse.emf.git,path=plugins/org.eclipse.emf.ecore.xmi


# Equinox initializer
plugin@org.eclipse.equinox.initializer=GIT,tag=master,repo=git://git.eclipse.org/gitroot/equinox/rt.equinox.incubator.git,path=framework/bundles/org.eclipse.equinox.initializer

# Source for ECF bthat aren't part of SDK map files
plugin@org.eclipse.ecf=GIT,tag=R-Release_HEAD-sdk_feature-51_2012-03-19_06-12-11,repo=git://git.eclipse.org/gitroot/ecf/org.eclipse.ecf.git,path=framework/bundles/org.eclipse.ecf
plugin@org.eclipse.ecf.filetransfer=GIT,tag=R-Release_HEAD-sdk_feature-51_2012-03-19_06-12-11,repo=git://git.eclipse.org/gitroot/ecf/org.eclipse.ecf.git,path=framework/bundles/org.eclipse.ecf.filetransfer 
plugin@org.eclipse.ecf.identity=GIT,tag=R-Release_HEAD-sdk_feature-51_2012-03-19_06-12-11,repo=git://git.eclipse.org/gitroot/ecf/org.eclipse.ecf.git,path=framework/bundles/org.eclipse.ecf.identity
plugin@org.eclipse.ecf.ssl=GIT,tag=R-Release_HEAD-sdk_feature-51_2012-03-19_06-12-11,repo=git://git.eclipse.org/gitroot/ecf/org.eclipse.ecf.git,path=framework/bundles/org.eclipse.ecf.ssl
    
plugin@org.eclipse.ecf.provider.filetransfer=GIT,tag=R-Release_HEAD-sdk_feature-51_2012-03-19_06-12-11,repo=git://git.eclipse.org/gitroot/ecf/org.eclipse.ecf.git,path=providers/bundles/org.eclipse.ecf.provider.filetransfer
plugin@org.eclipse.ecf.provider.filetransfer.httpclient=GIT,tag=R-Release_HEAD-sdk_feature-51_2012-03-19_06-12-11,repo=git://git.eclipse.org/gitroot/ecf/org.eclipse.ecf.git,path=providers/bundles/org.eclipse.ecf.provider.filetransfer.httpclient 
plugin@org.eclipse.ecf.provider.filetransfer.httpclient.ssl=GIT,tag=R-Release_HEAD-sdk_feature-51_2012-03-19_06-12-11,repo=git://git.eclipse.org/gitroot/ecf/org.eclipse.ecf.git,path=providers/bundles/org.eclipse.ecf.provider.filetransfer.httpclient.ssl 
plugin@org.eclipse.ecf.provider.filetransfer.ssl=GIT,tag=R-Release_HEAD-sdk_feature-51_2012-03-19_06-12-11,repo=git://git.eclipse.org/gitroot/ecf/org.eclipse.ecf.git,path=providers/bundles/org.eclipse.ecf.provider.filetransfer.ssl 


#Ant (for MANIFEST)
# http://build.eclipse.org/orbit/committers/
# http://build.eclipse.org/orbit/committers/orbit-I/20120322113459/I20120322113459/
# http://build.eclipse.org/orbit/committers/orbit-I/20120322113459/I20120322113459/directory.txt
plugin@org.apache.ant=CVS,1.8.3=v20120321-1730,:pserver:anonymous@dev.eclipse.org:/cvsroot/tools,,org.eclipse.orbit/org.apache.ant
plugin@org.junit=CVS,3.8.2=v3_8_2_v20100427-1100,:pserver:anonymous@dev.eclipse.org:/cvsroot/tools,,org.eclipse.orbit/org.junit
plugin@org.junit=CVS,4.8.2=v4_8_2_v20110321-1705,:pserver:anonymous@dev.eclipse.org:/cvsroot/tools,,org.eclipse.orbit/org.junit


#Examples (See bug https://bugzilla.redhat.com/show_bug.cgi?id=813343 )
plugin@org.eclipse.swt.examples=GIT,tag=master,repo=git://git.eclipse.org/gitroot/platform/eclipse.platform.swt.git,path=examples/org.eclipse.swt.examples
plugin@org.eclipse.swt.examples.browser=GIT,tag=master,repo=git://git.eclipse.org/gitroot/platform/eclipse.platform.swt.git,path=examples/org.eclipse.swt.examples.browser
plugin@org.eclipse.swt.examples.controls=GIT,tag=master,repo=git://git.eclipse.org/gitroot/platform/eclipse.platform.swt.git,path=examples/org.eclipse.swt.examples.controls
plugin@org.eclipse.swt.examples.launcher=GIT,tag=master,repo=git://git.eclipse.org/gitroot/platform/eclipse.platform.swt.git,path=examples/org.eclipse.swt.examples.launcher
plugin@org.eclipse.swt.examples.layouts=GIT,tag=master,repo=git://git.eclipse.org/gitroot/platform/eclipse.platform.swt.git,path=examples/org.eclipse.swt.examples.layouts
plugin@org.eclipse.swt.examples.ole.win32=GIT,tag=master,repo=git://git.eclipse.org/gitroot/platform/eclipse.platform.swt.git,path=examples/org.eclipse.swt.examples.ole.win32
plugin@org.eclipse.swt.examples.paint=GIT,tag=master,repo=git://git.eclipse.org/gitroot/platform/eclipse.platform.swt.git,path=examples/org.eclipse.swt.examples.paint
plugin@org.eclipse.compare.examples=GIT,tag=master,repo=git://git.eclipse.org/gitroot/platform/eclipse.platform.team.git,path=examples/org.eclipse.compare.examples
plugin@org.eclipse.compare.examples.xml=GIT,tag=master,repo=git://git.eclipse.org/gitroot/platform/eclipse.platform.team.git,path=examples/org.eclipse.compare.examples.xml
plugin@org.eclipse.team.examples.filesystem=GIT,tag=master,repo=git://git.eclipse.org/gitroot/platform/eclipse.platform.team.git,path=examples/org.eclipse.team.examples.filesystem

plugin@org.eclipse.ui.examples.javaeditor=GIT,tag=master,repo=git://git.eclipse.org/gitroot/platform/eclipse.platform.text.git,path=org.eclipse.ui.examples.javaeditor

plugin@org.eclipse.ui.examples.propertysheet=GIT,tag=master,repo=git://git.eclipse.org/gitroot/platform/eclipse.platform.ui.git,path=examples/org.eclipse.ui.examples.propertysheet
plugin@org.eclipse.ui.examples.readmetool=GIT,tag=master,repo=git://git.eclipse.org/gitroot/platform/eclipse.platform.ui.git,path=examples/org.eclipse.ui.examples.readmetool
plugin@org.eclipse.ui.examples.multipageeditor=GIT,tag=master,repo=git://git.eclipse.org/gitroot/platform/eclipse.platform.ui.git,path=examples/org.eclipse.ui.examples.multipageeditor
plugin@org.eclipse.ui.examples.fieldassist=GIT,tag=master,repo=git://git.eclipse.org/gitroot/platform/eclipse.platform.ui.git,path=examples/org.eclipse.ui.examples.fieldassist
plugin@org.eclipse.ui.examples.undo=GIT,tag=master,repo=git://git.eclipse.org/gitroot/platform/eclipse.platform.ui.git,path=examples/org.eclipse.ui.examples.undo


