!***************  e4 CONTRIBUTION  ******************************************************** 

!**** Binary e4 plug-ins

feature@org.eclipse.e4.rcp=GIT,tag=v20120131-1846,repo=git://git.eclipse.org/gitroot/platform/eclipse.platform.ui.git,path=features/org.eclipse.e4.rcp

!**** Workbench Compatibility

plugin@org.eclipse.e4.ui.workbench.addons.swt=GIT,tag=v20120314-2016,repo=git://git.eclipse.org/gitroot/platform/eclipse.platform.ui.git,path=bundles/org.eclipse.e4.ui.workbench.addons.swt
plugin@org.eclipse.ui.workbench=GIT,tag=v20120314-2129,repo=git://git.eclipse.org/gitroot/platform/eclipse.platform.ui.git,path=bundles/org.eclipse.ui.workbench
plugin@org.eclipse.ui=GIT,tag=v20120222-1413,repo=git://git.eclipse.org/gitroot/platform/eclipse.platform.ui.git,path=bundles/org.eclipse.ui

!**** 4.x Platform Doc

plugin@org.eclipse.platform.doc.user=GIT,tag=v20120215-1818,repo=git://git.eclipse.org/gitroot/platform/eclipse.platform.common.git,path=bundles/org.eclipse.platform.doc.user
plugin@org.eclipse.platform.doc.isv=GIT,tag=v20120308-2147,repo=git://git.eclipse.org/gitroot/platform/eclipse.platform.common.git,path=bundles/org.eclipse.platform.doc.isv

!**** EMF
feature@org.eclipse.emf.ecore=p2IU,id=org.eclipse.emf.ecore.feature.jar,version=,repository=http://download.eclipse.org/modeling/emf/emf/updates/2.8milestones/base/
plugin@org.eclipse.emf.ecore.change=p2IU,id=org.eclipse.emf.ecore.change,version=,repository=http://download.eclipse.org/modeling/emf/emf/updates/2.8milestones/base/
plugin@org.eclipse.emf.ecore=p2IU,id=org.eclipse.emf.ecore,version=,repository=http://download.eclipse.org/modeling/emf/emf/updates/2.8milestones/base/
plugin@org.eclipse.emf.ecore.xmi=p2IU,id=org.eclipse.emf.ecore.xmi,version=,repository=http://download.eclipse.org/modeling/emf/emf/updates/2.8milestones/base/
feature@org.eclipse.emf.common=p2IU,id=org.eclipse.emf.common.feature.jar,version=,repository=http://download.eclipse.org/modeling/emf/emf/updates/2.8milestones/base/
plugin@org.eclipse.emf.common=p2IU,id=org.eclipse.emf.common,version=,repository=http://download.eclipse.org/modeling/emf/emf/updates/2.8milestones/base/
plugin@org.eclipse.emf.databinding=p2IU,id=org.eclipse.emf.databinding,version=,repository=http://download.eclipse.org/modeling/emf/emf/updates/2.8milestones/base/

!**** Nebula

plugin@org.eclipse.nebula.widgets.gallery=R_0_20090212,:pserver:anonymous@dev.eclipse.org:/cvsroot/technology,,org.eclipse.swt.nebula/org.eclipse.nebula.widgets.gallery

!** Temporary fix for bug 338925
fragment@org.eclipse.equinox.security.win32.x86_64=v20110228,:pserver:anonymous@dev.eclipse.org:/cvsroot/rt,,org.eclipse.equinox/security/bundles/org.eclipse.equinox.security.win32.x86_64
