!**** e4 core

plugin@org.eclipse.e4.core.services=GIT,tag=v20120118-2149,repo=git://git.eclipse.org/gitroot/platform/eclipse.platform.runtime.git,path=bundles/org.eclipse.e4.core.services
plugin@org.eclipse.e4.core.commands=GIT,tag=v20120209-1845,repo=git://git.eclipse.org/gitroot/platform/eclipse.platform.ui.git,path=bundles/org.eclipse.e4.core.commands
plugin@org.eclipse.e4.core.di=GIT,tag=v20120223-2025,repo=git://git.eclipse.org/gitroot/platform/eclipse.platform.runtime.git,path=bundles/org.eclipse.e4.core.di
plugin@org.eclipse.e4.core.contexts=GIT,tag=v20120224-1633,repo=git://git.eclipse.org/gitroot/platform/eclipse.platform.runtime.git,path=bundles/org.eclipse.e4.core.contexts
plugin@org.eclipse.e4.core.contexts.debug=GIT,tag=v20120222-2134,repo=git://git.eclipse.org/gitroot/platform/eclipse.platform.ui.git,path=bundles/org.eclipse.e4.core.contexts.debug
plugin@org.eclipse.e4.core.di.extensions=GIT,tag=v20120201-1503,repo=git://git.eclipse.org/gitroot/platform/eclipse.platform.runtime.git,path=bundles/org.eclipse.e4.core.di.extensions

plugin@org.eclipse.e4.core.javascript=GIT,tag=v20100614-1830,repo=git://git.eclipse.org/gitroot/e4/org.eclipse.e4.ui.git,path=bundles/org.eclipse.e4.core.javascript


!*** e4 core tests
plugin@org.eclipse.e4.core.tests.services=GIT,tag=v20110113-1500,repo=git://git.eclipse.org/gitroot/platform/eclipse.platform.runtime.git,path=tests/org.eclipse.e4.core.tests.services
plugin@org.eclipse.e4.core.tests=GIT,tag=v20120216-1637,repo=git://git.eclipse.org/gitroot/platform/eclipse.platform.runtime.git,path=tests/org.eclipse.e4.core.tests
plugin@org.eclipse.e4.core.commands.tests=GIT,tag=v20111010-0727,repo=git://git.eclipse.org/gitroot/platform/eclipse.platform.ui.git,path=tests/org.eclipse.e4.core.commands.tests
plugin@com.google.code.atinject.tck=GIT,tag=v20110603-1130,repo=git://git.eclipse.org/gitroot/platform/eclipse.platform.runtime.git,path=tests/com.google.code.atinject.tck

plugin@org.eclipse.e4.ui.menu.tests=GIT,tag=v20120229-1306,repo=git://git.eclipse.org/gitroot/platform/eclipse.platform.ui.git,path=tests/org.eclipse.e4.ui.menu.tests
plugin@org.eclipse.e4.ui.menu.tests.p1=GIT,tag=v20111007-1320,repo=git://git.eclipse.org/gitroot/platform/eclipse.platform.ui.git,path=tests/org.eclipse.e4.ui.menu.tests.p1
plugin@org.eclipse.e4.ui.menu.tests.p2=GIT,tag=v20111007-1320,repo=git://git.eclipse.org/gitroot/platform/eclipse.platform.ui.git,path=tests/org.eclipse.e4.ui.menu.tests.p2
plugin@org.eclipse.e4.ui.menu.tests.p3=GIT,tag=v20111007-1320,repo=git://git.eclipse.org/gitroot/platform/eclipse.platform.ui.git,path=tests/org.eclipse.e4.ui.menu.tests.p3
plugin@org.eclipse.e4.ui.menu.tests.p4=GIT,tag=v20111007-1320,repo=git://git.eclipse.org/gitroot/platform/eclipse.platform.ui.git,path=tests/org.eclipse.e4.ui.menu.tests.p4
