!*** This file was created on May 23, 2011 8:05:11 PM GMT
plugin@ch.ethz.iks.slp,1.0.0=p2IU,id=ch.ethz.iks.slp,version=1.0.0.RC5_v20080820-1500,repository=http://download.eclipse.org/tools/orbit/downloads/drops/R20110523182458/repository

plugin@ch.ethz.iks.slp.source,1.0.0=p2IU,id=ch.ethz.iks.slp.source,version=1.0.0.RC2_v20080604-1500,repository=http://download.eclipse.org/tools/orbit/downloads/drops/R20110523182458/repository

plugin@ch.qos.logback.classic,0.9.27=p2IU,id=ch.qos.logback.classic,version=0.9.27.v20110224-1110,repository=http://download.eclipse.org/tools/orbit/downloads/drops/R20110523182458/repository

plugin@ch.qos.logback.classic,0.9.24=p2IU,id=ch.qos.logback.classic,version=0.9.24.v20100831-0715,repository=http://download.eclipse.org/tools/orbit/downloads/drops/R20110523182458/repository

plugin@ch.qos.logback.classic,0.9.19=p2IU,id=ch.qos.logback.classic,version=0.9.19.v20100519-1505,repository=http://download.eclipse.org/tools/orbit/downloads/drops/R20110523182458/repository

plugin@ch.qos.logback.classic.source,0.9.27=p2IU,id=ch.qos.logback.classic.source,version=0.9.27.v20110224-1110,repository=http://download.eclipse.org/tools/orbit/downloads/drops/R20110523182458/repository

plugin@ch.qos.logback.classic.source,0.9.24=p2IU,id=ch.qos.logback.classic.source,version=0.9.24.v20100831-0715,repository=http://download.eclipse.org/tools/orbit/downloads/drops/R20110523182458/repository

plugin@ch.qos.logback.classic.source,0.9.19=p2IU,id=ch.qos.logback.classic.source,version=0.9.19.v20100519-1505,repository=http://download.eclipse.org/tools/orbit/downloads/drops/R20110523182458/repository

plugin@ch.qos.logback.core,0.9.27=p2IU,id=ch.qos.logback.core,version=0.9.27.v20110224-1110,repository=http://download.eclipse.org/tools/orbit/downloads/drops/R20110523182458/repository

plugin@ch.qos.logback.core,0.9.24=p2IU,id=ch.qos.logback.core,version=0.9.24.v20100831-0715,repository=http://download.eclipse.org/tools/orbit/downloads/drops/R20110523182458/repository

plugin@ch.qos.logback.core,0.9.19=p2IU,id=ch.qos.logback.core,version=0.9.19.v20100419-1216,repository=http://download.eclipse.org/tools/orbit/downloads/drops/R20110523182458/repository

plugin@ch.qos.logback.core.source,0.9.27=p2IU,id=ch.qos.logback.core.source,version=0.9.27.v20110224-1110,repository=http://download.eclipse.org/tools/orbit/downloads/drops/R20110523182458/repository

plugin@ch.qos.logback.core.source,0.9.24=p2IU,id=ch.qos.logback.core.source,version=0.9.24.v20100831-0715,repository=http://download.eclipse.org/tools/orbit/downloads/drops/R20110523182458/repository

plugin@ch.qos.logback.core.source,0.9.19=p2IU,id=ch.qos.logback.core.source,version=0.9.19.v20100419-1216,repository=http://download.eclipse.org/tools/orbit/downloads/drops/R20110523182458/repository

plugin@ch.qos.logback.slf4j,0.9.27=p2IU,id=ch.qos.logback.slf4j,version=0.9.27.v20110224-1110,repository=http://download.eclipse.org/tools/orbit/downloads/drops/R20110523182458/repository

plugin@ch.qos.logback.slf4j,0.9.19=p2IU,id=ch.qos.logback.slf4j,version=0.9.19.v20100519-1910,repository=http://download.eclipse.org/tools/orbit/downloads/drops/R20110523182458/repository

plugin@ch.qos.logback.slf4j.source,0.9.27=p2IU,id=ch.qos.logback.slf4j.source,version=0.9.27.v20110224-1110,repository=http://download.eclipse.org/tools/orbit/downloads/drops/R20110523182458/repository

plugin@ch.qos.logback.slf4j.source,0.9.19=p2IU,id=ch.qos.logback.slf4j.source,version=0.9.19.v20100519-1910,repository=http://download.eclipse.org/tools/orbit/downloads/drops/R20110523182458/repository

plugin@com.google.collect,1.0.0=p2IU,id=com.google.collect,version=1.0.0.v201105210816,repository=http://download.eclipse.org/tools/orbit/downloads/drops/R20110523182458/repository

plugin@com.google.collect.source,1.0.0=p2IU,id=com.google.collect.source,version=1.0.0.v201105210816,repository=http://download.eclipse.org/tools/orbit/downloads/drops/R20110523182458/repository

plugin@com.google.gerrit.common,2.1.5=p2IU,id=com.google.gerrit.common,version=2.1.5.v201105211953,repository=http://download.eclipse.org/tools/orbit/downloads/drops/R20110523182458/repository

plugin@com.google.gerrit.common.source,2.1.5=p2IU,id=com.google.gerrit.common.source,version=2.1.5.v201105211953,repository=http://download.eclipse.org/tools/orbit/downloads/drops/R20110523182458/repository

plugin@com.google.gerrit.prettify,2.1.5=p2IU,id=com.google.gerrit.prettify,version=2.1.5.v201103020530,repository=http://download.eclipse.org/tools/orbit/downloads/drops/R20110523182458/repository

plugin@com.google.gerrit.prettify.source,2.1.5=p2IU,id=com.google.gerrit.prettify.source,version=2.1.5.v201103020530,repository=http://download.eclipse.org/tools/orbit/downloads/drops/R20110523182458/repository

plugin@com.google.gerrit.reviewdb,2.1.5=p2IU,id=com.google.gerrit.reviewdb,version=2.1.5.v201105211953,repository=http://download.eclipse.org/tools/orbit/downloads/drops/R20110523182458/repository

plugin@com.google.gerrit.reviewdb.source,2.1.5=p2IU,id=com.google.gerrit.reviewdb.source,version=2.1.5.v201105211953,repository=http://download.eclipse.org/tools/orbit/downloads/drops/R20110523182458/repository

plugin@com.google.gson,1.6.0=p2IU,id=com.google.gson,version=1.6.0.v201101131530,repository=http://download.eclipse.org/tools/orbit/downloads/drops/R20110523182458/repository

plugin@com.google.gson.source,1.6.0=p2IU,id=com.google.gson.source,version=1.6.0.v201101131530,repository=http://download.eclipse.org/tools/orbit/downloads/drops/R20110523182458/repository

plugin@com.google.gwt.servlet,2.0.4=p2IU,id=com.google.gwt.servlet,version=2.0.4.v20100709-0658,repository=http://download.eclipse.org/tools/orbit/downloads/drops/R20110523182458/repository

plugin@com.google.gwt.servlet,2.0.3=p2IU,id=com.google.gwt.servlet,version=2.0.3.v20100419-0751,repository=http://download.eclipse.org/tools/orbit/downloads/drops/R20110523182458/repository

plugin@com.google.gwt.servlet,2.1.0=p2IU,id=com.google.gwt.servlet,version=2.1.0.v20101206-1430,repository=http://download.eclipse.org/tools/orbit/downloads/drops/R20110523182458/repository

plugin@com.google.gwt.servlet.source,2.0.4=p2IU,id=com.google.gwt.servlet.source,version=2.0.4.v20100709-0658,repository=http://download.eclipse.org/tools/orbit/downloads/drops/R20110523182458/repository

plugin@com.google.gwt.servlet.source,2.0.3=p2IU,id=com.google.gwt.servlet.source,version=2.0.3.v20100419-0751,repository=http://download.eclipse.org/tools/orbit/downloads/drops/R20110523182458/repository

plugin@com.google.gwt.servlet.source,2.1.0=p2IU,id=com.google.gwt.servlet.source,version=2.1.0.v20101206-1430,repository=http://download.eclipse.org/tools/orbit/downloads/drops/R20110523182458/repository

plugin@com.google.gwt.user,2.1.0=p2IU,id=com.google.gwt.user,version=2.1.0.v20101206-1430,repository=http://download.eclipse.org/tools/orbit/downloads/drops/R20110523182458/repository

plugin@com.google.gwt.user,2.0.4=p2IU,id=com.google.gwt.user,version=2.0.4.v20100709-0658,repository=http://download.eclipse.org/tools/orbit/downloads/drops/R20110523182458/repository

plugin@com.google.gwt.user,2.0.3=p2IU,id=com.google.gwt.user,version=2.0.3.v20100419-0751,repository=http://download.eclipse.org/tools/orbit/downloads/drops/R20110523182458/repository

plugin@com.google.gwt.user.source,2.1.0=p2IU,id=com.google.gwt.user.source,version=2.1.0.v20101206-1430,repository=http://download.eclipse.org/tools/orbit/downloads/drops/R20110523182458/repository

plugin@com.google.gwt.user.source,2.0.4=p2IU,id=com.google.gwt.user.source,version=2.0.4.v20100709-0658,repository=http://download.eclipse.org/tools/orbit/downloads/drops/R20110523182458/repository

plugin@com.google.gwt.user.source,2.0.3=p2IU,id=com.google.gwt.user.source,version=2.0.3.v20100419-0751,repository=http://download.eclipse.org/tools/orbit/downloads/drops/R20110523182458/repository

plugin@com.google.gwtjsonrpc,1.2.2=p2IU,id=com.google.gwtjsonrpc,version=1.2.2.v201105211953,repository=http://download.eclipse.org/tools/orbit/downloads/drops/R20110523182458/repository

plugin@com.google.gwtjsonrpc.source,1.2.2=p2IU,id=com.google.gwtjsonrpc.source,version=1.2.2.v201105211953,repository=http://download.eclipse.org/tools/orbit/downloads/drops/R20110523182458/repository

plugin@com.google.gwtorm,1.1.4=p2IU,id=com.google.gwtorm,version=1.1.4.v201105211953,repository=http://download.eclipse.org/tools/orbit/downloads/drops/R20110523182458/repository

plugin@com.google.gwtorm.source,1.1.4=p2IU,id=com.google.gwtorm.source,version=1.1.4.v201105211953,repository=http://download.eclipse.org/tools/orbit/downloads/drops/R20110523182458/repository

plugin@com.google.inject,2.0.0=p2IU,id=com.google.inject,version=2.0.0.v201105231817,repository=http://download.eclipse.org/tools/orbit/downloads/drops/R20110523182458/repository

plugin@com.google.inject.source,2.0.0=p2IU,id=com.google.inject.source,version=2.0.0.v201105231817,repository=http://download.eclipse.org/tools/orbit/downloads/drops/R20110523182458/repository

plugin@com.google.protobuf,2.4.0=p2IU,id=com.google.protobuf,version=2.4.0.v201105131100,repository=http://download.eclipse.org/tools/orbit/downloads/drops/R20110523182458/repository

plugin@com.google.protobuf.source,2.4.0=p2IU,id=com.google.protobuf.source,version=2.4.0.v201105131100,repository=http://download.eclipse.org/tools/orbit/downloads/drops/R20110523182458/repository

plugin@com.ibm.icu,4.4.2=p2IU,id=com.ibm.icu,version=4.4.2.v20110208,repository=http://download.eclipse.org/tools/orbit/downloads/drops/R20110523182458/repository

plugin@com.ibm.icu,4.2.1=p2IU,id=com.ibm.icu,version=4.2.1.v20100412,repository=http://download.eclipse.org/tools/orbit/downloads/drops/R20110523182458/repository

plugin@com.ibm.icu,4.0.1=p2IU,id=com.ibm.icu,version=4.0.1.v20100112,repository=http://download.eclipse.org/tools/orbit/downloads/drops/R20110523182458/repository

plugin@com.ibm.icu.base,4.4.2=p2IU,id=com.ibm.icu.base,version=4.4.2.v20110208,repository=http://download.eclipse.org/tools/orbit/downloads/drops/R20110523182458/repository

plugin@com.ibm.icu.base,4.2.1=p2IU,id=com.ibm.icu.base,version=4.2.1.v20100412,repository=http://download.eclipse.org/tools/orbit/downloads/drops/R20110523182458/repository

plugin@com.ibm.icu.base,4.0.1=p2IU,id=com.ibm.icu.base,version=4.0.1.v20090822,repository=http://download.eclipse.org/tools/orbit/downloads/drops/R20110523182458/repository

plugin@com.ibm.icu.base.source,4.4.2=p2IU,id=com.ibm.icu.base.source,version=4.4.2.v20110208,repository=http://download.eclipse.org/tools/orbit/downloads/drops/R20110523182458/repository

plugin@com.ibm.icu.base.source,4.2.1=p2IU,id=com.ibm.icu.base.source,version=4.2.1.v20100412,repository=http://download.eclipse.org/tools/orbit/downloads/drops/R20110523182458/repository

plugin@com.ibm.icu.base.source,4.0.1=p2IU,id=com.ibm.icu.base.source,version=4.0.1.v20090822,repository=http://download.eclipse.org/tools/orbit/downloads/drops/R20110523182458/repository

plugin@com.ibm.icu.source,4.4.2=p2IU,id=com.ibm.icu.source,version=4.4.2.v20110208,repository=http://download.eclipse.org/tools/orbit/downloads/drops/R20110523182458/repository

plugin@com.ibm.icu.source,4.2.1=p2IU,id=com.ibm.icu.source,version=4.2.1.v20100412,repository=http://download.eclipse.org/tools/orbit/downloads/drops/R20110523182458/repository

plugin@com.ibm.icu.source,4.0.1=p2IU,id=com.ibm.icu.source,version=4.0.1.v20100112,repository=http://download.eclipse.org/tools/orbit/downloads/drops/R20110523182458/repository

plugin@com.jcraft.jsch,0.1.44=p2IU,id=com.jcraft.jsch,version=0.1.44.v201101211721,repository=http://download.eclipse.org/tools/orbit/downloads/drops/R20110523182458/repository

plugin@com.jcraft.jsch,0.1.41=p2IU,id=com.jcraft.jsch,version=0.1.41.v201101211617,repository=http://download.eclipse.org/tools/orbit/downloads/drops/R20110523182458/repository

plugin@com.jcraft.jsch.source,0.1.44=p2IU,id=com.jcraft.jsch.source,version=0.1.44.v201101211721,repository=http://download.eclipse.org/tools/orbit/downloads/drops/R20110523182458/repository

plugin@com.jcraft.jsch.source,0.1.41=p2IU,id=com.jcraft.jsch.source,version=0.1.41.v201101211617,repository=http://download.eclipse.org/tools/orbit/downloads/drops/R20110523182458/repository

plugin@com.lowagie.text,2.1.7=p2IU,id=com.lowagie.text,version=2.1.7.v201004222200,repository=http://download.eclipse.org/tools/orbit/downloads/drops/R20110523182458/repository

plugin@com.lowagie.text,1.5.4=p2IU,id=com.lowagie.text,version=1.5.4.v201004222230,repository=http://download.eclipse.org/tools/orbit/downloads/drops/R20110523182458/repository

plugin@com.lowagie.text.source,2.1.7=p2IU,id=com.lowagie.text.source,version=2.1.7.v201004222200,repository=http://download.eclipse.org/tools/orbit/downloads/drops/R20110523182458/repository

plugin@com.lowagie.text.source,1.5.4=p2IU,id=com.lowagie.text.source,version=1.5.4.v201004222230,repository=http://download.eclipse.org/tools/orbit/downloads/drops/R20110523182458/repository

plugin@com.sun.el,1.0.0=p2IU,id=com.sun.el,version=1.0.0.v201105211818,repository=http://download.eclipse.org/tools/orbit/downloads/drops/R20110523182458/repository

plugin@com.sun.el,2.2.0=p2IU,id=com.sun.el,version=2.2.0.v201105051105,repository=http://download.eclipse.org/tools/orbit/downloads/drops/R20110523182458/repository

plugin@com.sun.el.source,1.0.0=p2IU,id=com.sun.el.source,version=1.0.0.v201105211818,repository=http://download.eclipse.org/tools/orbit/downloads/drops/R20110523182458/repository

plugin@com.sun.el.source,2.2.0=p2IU,id=com.sun.el.source,version=2.2.0.v201105051105,repository=http://download.eclipse.org/tools/orbit/downloads/drops/R20110523182458/repository

plugin@com.sun.syndication,0.9.0=p2IU,id=com.sun.syndication,version=0.9.0.v200803061811,repository=http://download.eclipse.org/tools/orbit/downloads/drops/R20110523182458/repository

plugin@com.sun.syndication.source,0.9.0=p2IU,id=com.sun.syndication.source,version=0.9.0.v200803061811,repository=http://download.eclipse.org/tools/orbit/downloads/drops/R20110523182458/repository

plugin@com.sun.xml.bind,2.1.12=p2IU,id=com.sun.xml.bind,version=2.1.12.v201105210646,repository=http://download.eclipse.org/tools/orbit/downloads/drops/R20110523182458/repository

plugin@com.sun.xml.bind,2.1.9=p2IU,id=com.sun.xml.bind,version=2.1.9.v201105210816,repository=http://download.eclipse.org/tools/orbit/downloads/drops/R20110523182458/repository

plugin@com.sun.xml.bind,2.2.0=p2IU,id=com.sun.xml.bind,version=2.2.0.v201105210647,repository=http://download.eclipse.org/tools/orbit/downloads/drops/R20110523182458/repository

plugin@com.sun.xml.bind.source,2.2.0=p2IU,id=com.sun.xml.bind.source,version=2.2.0.v201105210647,repository=http://download.eclipse.org/tools/orbit/downloads/drops/R20110523182458/repository

plugin@com.sun.xml.bind.source,2.1.12=p2IU,id=com.sun.xml.bind.source,version=2.1.12.v201105210646,repository=http://download.eclipse.org/tools/orbit/downloads/drops/R20110523182458/repository

plugin@com.thoughtworks.qdox,1.6.3=p2IU,id=com.thoughtworks.qdox,version=1.6.3.v20081201-1400,repository=http://download.eclipse.org/tools/orbit/downloads/drops/R20110523182458/repository

plugin@com.thoughtworks.qdox.source,1.6.3=p2IU,id=com.thoughtworks.qdox.source,version=1.6.3.v20081201-1400,repository=http://download.eclipse.org/tools/orbit/downloads/drops/R20110523182458/repository

plugin@commonj.sdo,2.1.1=p2IU,id=commonj.sdo,version=2.1.1.v200905221342,repository=http://download.eclipse.org/tools/orbit/downloads/drops/R20110523182458/repository

plugin@commonj.sdo.source,2.1.1=p2IU,id=commonj.sdo.source,version=2.1.1.v200905221342,repository=http://download.eclipse.org/tools/orbit/downloads/drops/R20110523182458/repository

plugin@edu.emory.mathcs.backport,3.1.0=p2IU,id=edu.emory.mathcs.backport,version=3.1.0.v200902251154,repository=http://download.eclipse.org/tools/orbit/downloads/drops/R20110523182458/repository

plugin@edu.emory.mathcs.backport.source,3.1.0=p2IU,id=edu.emory.mathcs.backport.source,version=3.1.0.v200902251154,repository=http://download.eclipse.org/tools/orbit/downloads/drops/R20110523182458/repository

plugin@java_cup.runtime,0.10.0=p2IU,id=java_cup.runtime,version=0.10.0.v201005080400,repository=http://download.eclipse.org/tools/orbit/downloads/drops/R20110523182458/repository

plugin@java_cup.runtime.source,0.10.0=p2IU,id=java_cup.runtime.source,version=0.10.0.v201005080400,repository=http://download.eclipse.org/tools/orbit/downloads/drops/R20110523182458/repository

plugin@javax.activation,1.1.0=p2IU,id=javax.activation,version=1.1.0.v201105071233,repository=http://download.eclipse.org/tools/orbit/downloads/drops/R20110523182458/repository

plugin@javax.activation.source,1.1.0=p2IU,id=javax.activation.source,version=1.1.0.v201105071233,repository=http://download.eclipse.org/tools/orbit/downloads/drops/R20110523182458/repository

plugin@javax.annotation,1.0.0=p2IU,id=javax.annotation,version=1.0.0.v20101115-0725,repository=http://download.eclipse.org/tools/orbit/downloads/drops/R20110523182458/repository

plugin@javax.annotation.source,1.0.0=p2IU,id=javax.annotation.source,version=1.0.0.v20101115-0725,repository=http://download.eclipse.org/tools/orbit/downloads/drops/R20110523182458/repository

plugin@javax.el,2.2.0=p2IU,id=javax.el,version=2.2.0.v201105051105,repository=http://download.eclipse.org/tools/orbit/downloads/drops/R20110523182458/repository

plugin@javax.el,2.1.0=p2IU,id=javax.el,version=2.1.0.v201105211819,repository=http://download.eclipse.org/tools/orbit/downloads/drops/R20110523182458/repository

plugin@javax.el.source,2.2.0=p2IU,id=javax.el.source,version=2.2.0.v201105051105,repository=http://download.eclipse.org/tools/orbit/downloads/drops/R20110523182458/repository

plugin@javax.el.source,2.1.0=p2IU,id=javax.el.source,version=2.1.0.v201105211819,repository=http://download.eclipse.org/tools/orbit/downloads/drops/R20110523182458/repository

plugin@javax.inject,1.0.0=p2IU,id=javax.inject,version=1.0.0.v20091030,repository=http://download.eclipse.org/tools/orbit/downloads/drops/R20110523182458/repository

plugin@javax.inject.source,1.0.0=p2IU,id=javax.inject.source,version=1.0.0.v20091030,repository=http://download.eclipse.org/tools/orbit/downloads/drops/R20110523182458/repository

plugin@javax.jws,2.0.0=p2IU,id=javax.jws,version=2.0.0.v201005080400,repository=http://download.eclipse.org/tools/orbit/downloads/drops/R20110523182458/repository

plugin@javax.jws.source,2.0.0=p2IU,id=javax.jws.source,version=2.0.0.v201005080400,repository=http://download.eclipse.org/tools/orbit/downloads/drops/R20110523182458/repository

plugin@javax.mail,1.4.0=p2IU,id=javax.mail,version=1.4.0.v201005080615,repository=http://download.eclipse.org/tools/orbit/downloads/drops/R20110523182458/repository

plugin@javax.mail.glassfish,1.4.1=p2IU,id=javax.mail.glassfish,version=1.4.1.v201005082020,repository=http://download.eclipse.org/tools/orbit/downloads/drops/R20110523182458/repository

plugin@javax.mail.glassfish.source,1.4.1=p2IU,id=javax.mail.glassfish.source,version=1.4.1.v201005082020,repository=http://download.eclipse.org/tools/orbit/downloads/drops/R20110523182458/repository

plugin@javax.management,1.2.0=p2IU,id=javax.management,version=1.2.0.v20100427-1100,repository=http://download.eclipse.org/tools/orbit/downloads/drops/R20110523182458/repository

plugin@javax.management.remote,1.0.0=p2IU,id=javax.management.remote,version=1.0.0.v20100427-1100,repository=http://download.eclipse.org/tools/orbit/downloads/drops/R20110523182458/repository

plugin@javax.persistence,1.0.0=p2IU,id=javax.persistence,version=1.0.0.v200905011740,repository=http://download.eclipse.org/tools/orbit/downloads/drops/R20110523182458/repository

plugin@javax.persistence.source,1.0.0=p2IU,id=javax.persistence.source,version=1.0.0.v200905011740,repository=http://download.eclipse.org/tools/orbit/downloads/drops/R20110523182458/repository

plugin@javax.security.auth.message,1.0.0=p2IU,id=javax.security.auth.message,version=1.0.0.v201104181300,repository=http://download.eclipse.org/tools/orbit/downloads/drops/R20110523182458/repository

plugin@javax.security.auth.message.source,1.0.0=p2IU,id=javax.security.auth.message.source,version=1.0.0.v201104181300,repository=http://download.eclipse.org/tools/orbit/downloads/drops/R20110523182458/repository

plugin@javax.servlet,2.5.0=p2IU,id=javax.servlet,version=2.5.0.v201103041518,repository=http://download.eclipse.org/tools/orbit/downloads/drops/R20110523182458/repository

plugin@javax.servlet,2.3.0=p2IU,id=javax.servlet,version=2.3.0.v200806031603,repository=http://download.eclipse.org/tools/orbit/downloads/drops/R20110523182458/repository

plugin@javax.servlet,3.0.0=p2IU,id=javax.servlet,version=3.0.0.v201103241727,repository=http://download.eclipse.org/tools/orbit/downloads/drops/R20110523182458/repository

plugin@javax.servlet,2.4.0=p2IU,id=javax.servlet,version=2.4.0.v200806031604,repository=http://download.eclipse.org/tools/orbit/downloads/drops/R20110523182458/repository

plugin@javax.servlet.jsp,2.1.0=p2IU,id=javax.servlet.jsp,version=2.1.0.v201105211820,repository=http://download.eclipse.org/tools/orbit/downloads/drops/R20110523182458/repository

plugin@javax.servlet.jsp,1.2.0=p2IU,id=javax.servlet.jsp,version=1.2.0.v200806031606,repository=http://download.eclipse.org/tools/orbit/downloads/drops/R20110523182458/repository

plugin@javax.servlet.jsp,2.2.0=p2IU,id=javax.servlet.jsp,version=2.2.0.v201103241009,repository=http://download.eclipse.org/tools/orbit/downloads/drops/R20110523182458/repository

plugin@javax.servlet.jsp,2.0.0=p2IU,id=javax.servlet.jsp,version=2.0.0.v201101211617,repository=http://download.eclipse.org/tools/orbit/downloads/drops/R20110523182458/repository

plugin@javax.servlet.jsp.jstl,1.2.0=p2IU,id=javax.servlet.jsp.jstl,version=1.2.0.v201105211821,repository=http://download.eclipse.org/tools/orbit/downloads/drops/R20110523182458/repository

plugin@javax.servlet.jsp.jstl.source,1.2.0=p2IU,id=javax.servlet.jsp.jstl.source,version=1.2.0.v201105211821,repository=http://download.eclipse.org/tools/orbit/downloads/drops/R20110523182458/repository

plugin@javax.servlet.jsp.source,2.0.0=p2IU,id=javax.servlet.jsp.source,version=2.0.0.v201101211617,repository=http://download.eclipse.org/tools/orbit/downloads/drops/R20110523182458/repository

plugin@javax.servlet.jsp.source,2.1.0=p2IU,id=javax.servlet.jsp.source,version=2.1.0.v201105211820,repository=http://download.eclipse.org/tools/orbit/downloads/drops/R20110523182458/repository

plugin@javax.servlet.jsp.source,1.2.0=p2IU,id=javax.servlet.jsp.source,version=1.2.0.v200806031606,repository=http://download.eclipse.org/tools/orbit/downloads/drops/R20110523182458/repository

plugin@javax.servlet.jsp.source,2.2.0=p2IU,id=javax.servlet.jsp.source,version=2.2.0.v201103241009,repository=http://download.eclipse.org/tools/orbit/downloads/drops/R20110523182458/repository

plugin@javax.servlet.source,2.5.0=p2IU,id=javax.servlet.source,version=2.5.0.v201103041518,repository=http://download.eclipse.org/tools/orbit/downloads/drops/R20110523182458/repository

plugin@javax.servlet.source,2.3.0=p2IU,id=javax.servlet.source,version=2.3.0.v200806031603,repository=http://download.eclipse.org/tools/orbit/downloads/drops/R20110523182458/repository

plugin@javax.servlet.source,3.0.0=p2IU,id=javax.servlet.source,version=3.0.0.v201103241727,repository=http://download.eclipse.org/tools/orbit/downloads/drops/R20110523182458/repository

plugin@javax.servlet.source,2.4.0=p2IU,id=javax.servlet.source,version=2.4.0.v200806031604,repository=http://download.eclipse.org/tools/orbit/downloads/drops/R20110523182458/repository

plugin@javax.transaction,1.1.1=p2IU,id=javax.transaction,version=1.1.1.v201105210645,repository=http://download.eclipse.org/tools/orbit/downloads/drops/R20110523182458/repository

plugin@javax.transaction.source,1.1.1=p2IU,id=javax.transaction.source,version=1.1.1.v201105210645,repository=http://download.eclipse.org/tools/orbit/downloads/drops/R20110523182458/repository

plugin@javax.ws.rs,1.1.1=p2IU,id=javax.ws.rs,version=1.1.1.v20101004-1200,repository=http://download.eclipse.org/tools/orbit/downloads/drops/R20110523182458/repository

plugin@javax.ws.rs.source,1.1.1=p2IU,id=javax.ws.rs.source,version=1.1.1.v20101004-1200,repository=http://download.eclipse.org/tools/orbit/downloads/drops/R20110523182458/repository

plugin@javax.wsdl,1.5.1=p2IU,id=javax.wsdl,version=1.5.1.v201012040544,repository=http://download.eclipse.org/tools/orbit/downloads/drops/R20110523182458/repository

plugin@javax.wsdl,1.6.2=p2IU,id=javax.wsdl,version=1.6.2.v201012040545,repository=http://download.eclipse.org/tools/orbit/downloads/drops/R20110523182458/repository

plugin@javax.wsdl.source,1.6.2=p2IU,id=javax.wsdl.source,version=1.6.2.v201012040545,repository=http://download.eclipse.org/tools/orbit/downloads/drops/R20110523182458/repository

plugin@javax.xml,1.3.4=p2IU,id=javax.xml,version=1.3.4.v201005080400,repository=http://download.eclipse.org/tools/orbit/downloads/drops/R20110523182458/repository

plugin@javax.xml.bind,2.1.9=p2IU,id=javax.xml.bind,version=2.1.9.v201005080401,repository=http://download.eclipse.org/tools/orbit/downloads/drops/R20110523182458/repository

plugin@javax.xml.bind,2.2.0=p2IU,id=javax.xml.bind,version=2.2.0.v201105210648,repository=http://download.eclipse.org/tools/orbit/downloads/drops/R20110523182458/repository

plugin@javax.xml.bind,2.1.12=p2IU,id=javax.xml.bind,version=2.1.12.v201105210645,repository=http://download.eclipse.org/tools/orbit/downloads/drops/R20110523182458/repository

plugin@javax.xml.bind,2.0.0=p2IU,id=javax.xml.bind,version=2.0.0.v20080604-1500,repository=http://download.eclipse.org/tools/orbit/downloads/drops/R20110523182458/repository

plugin@javax.xml.bind.source,2.1.12=p2IU,id=javax.xml.bind.source,version=2.1.12.v201105210645,repository=http://download.eclipse.org/tools/orbit/downloads/drops/R20110523182458/repository

plugin@javax.xml.bind.source,2.0.0=p2IU,id=javax.xml.bind.source,version=2.0.0.v20080604-1500,repository=http://download.eclipse.org/tools/orbit/downloads/drops/R20110523182458/repository

plugin@javax.xml.bind.source,2.2.0=p2IU,id=javax.xml.bind.source,version=2.2.0.v201105210648,repository=http://download.eclipse.org/tools/orbit/downloads/drops/R20110523182458/repository

plugin@javax.xml.rpc,1.1.0=p2IU,id=javax.xml.rpc,version=1.1.0.v201005080400,repository=http://download.eclipse.org/tools/orbit/downloads/drops/R20110523182458/repository

plugin@javax.xml.soap,1.2.0=p2IU,id=javax.xml.soap,version=1.2.0.v201005080501,repository=http://download.eclipse.org/tools/orbit/downloads/drops/R20110523182458/repository

plugin@javax.xml.soap,1.3.0=p2IU,id=javax.xml.soap,version=1.3.0.v201105210645,repository=http://download.eclipse.org/tools/orbit/downloads/drops/R20110523182458/repository

plugin@javax.xml.stream,1.0.1=p2IU,id=javax.xml.stream,version=1.0.1.v201004272200,repository=http://download.eclipse.org/tools/orbit/downloads/drops/R20110523182458/repository

plugin@javax.xml.ws,2.0.0=p2IU,id=javax.xml.ws,version=2.0.0.v200902170419,repository=http://download.eclipse.org/tools/orbit/downloads/drops/R20110523182458/repository

plugin@javax.xml.ws,2.1.0=p2IU,id=javax.xml.ws,version=2.1.0.v200902101523,repository=http://download.eclipse.org/tools/orbit/downloads/drops/R20110523182458/repository

plugin@lpg.runtime.java,2.0.17=p2IU,id=lpg.runtime.java,version=2.0.17.v201004271640,repository=http://download.eclipse.org/tools/orbit/downloads/drops/R20110523182458/repository

plugin@lpg.runtime.java.source,2.0.17=p2IU,id=lpg.runtime.java.source,version=2.0.17.v201004271640,repository=http://download.eclipse.org/tools/orbit/downloads/drops/R20110523182458/repository

plugin@me.prettyprint.hector,0.7.0=p2IU,id=me.prettyprint.hector,version=0.7.0.0022_v20110412-1025,repository=http://download.eclipse.org/tools/orbit/downloads/drops/R20110523182458/repository

plugin@me.prettyprint.hector.source,0.7.0=p2IU,id=me.prettyprint.hector.source,version=0.7.0.0022_v20110412-1025,repository=http://download.eclipse.org/tools/orbit/downloads/drops/R20110523182458/repository

plugin@net.miginfocom.layout,3.7.1=p2IU,id=net.miginfocom.layout,version=3.7.1.v200911230030,repository=http://download.eclipse.org/tools/orbit/downloads/drops/R20110523182458/repository

plugin@net.miginfocom.layout.source,3.7.1=p2IU,id=net.miginfocom.layout.source,version=3.7.1.v200911230030,repository=http://download.eclipse.org/tools/orbit/downloads/drops/R20110523182458/repository

plugin@net.miginfocom.layout.swing,3.7.1=p2IU,id=net.miginfocom.layout.swing,version=3.7.1.v200911230030,repository=http://download.eclipse.org/tools/orbit/downloads/drops/R20110523182458/repository

plugin@net.miginfocom.layout.swing.source,3.7.1=p2IU,id=net.miginfocom.layout.swing.source,version=3.7.1.v200911230030,repository=http://download.eclipse.org/tools/orbit/downloads/drops/R20110523182458/repository

plugin@net.miginfocom.layout.swt,3.7.1=p2IU,id=net.miginfocom.layout.swt,version=3.7.1.v200911230030,repository=http://download.eclipse.org/tools/orbit/downloads/drops/R20110523182458/repository

plugin@net.miginfocom.layout.swt.source,3.7.1=p2IU,id=net.miginfocom.layout.swt.source,version=3.7.1.v200911230030,repository=http://download.eclipse.org/tools/orbit/downloads/drops/R20110523182458/repository

plugin@net.sourceforge.lpg.lpgjavaruntime,1.1.0=p2IU,id=net.sourceforge.lpg.lpgjavaruntime,version=1.1.0.v201004271650,repository=http://download.eclipse.org/tools/orbit/downloads/drops/R20110523182458/repository

plugin@net.sourceforge.lpg.lpgjavaruntime,1.0.0=p2IU,id=net.sourceforge.lpg.lpgjavaruntime,version=1.0.0.v201004271648,repository=http://download.eclipse.org/tools/orbit/downloads/drops/R20110523182458/repository

plugin@net.sourceforge.lpg.lpgjavaruntime.source,1.0.0=p2IU,id=net.sourceforge.lpg.lpgjavaruntime.source,version=1.0.0.v201004271648,repository=http://download.eclipse.org/tools/orbit/downloads/drops/R20110523182458/repository

plugin@net.sourceforge.lpg.lpgjavaruntime.source,1.1.0=p2IU,id=net.sourceforge.lpg.lpgjavaruntime.source,version=1.1.0.v201004271650,repository=http://download.eclipse.org/tools/orbit/downloads/drops/R20110523182458/repository

plugin@net.sourceforge.mx4j,3.0.1=p2IU,id=net.sourceforge.mx4j,version=3.0.1.v20100427-1100,repository=http://download.eclipse.org/tools/orbit/downloads/drops/R20110523182458/repository

plugin@net.sourceforge.mx4j.remote,3.0.1=p2IU,id=net.sourceforge.mx4j.remote,version=3.0.1.v20100427-1100,repository=http://download.eclipse.org/tools/orbit/downloads/drops/R20110523182458/repository

plugin@net.sourceforge.nattable.core,2.1.0=p2IU,id=net.sourceforge.nattable.core,version=2.1.0.v201102231538,repository=http://download.eclipse.org/tools/orbit/downloads/drops/R20110523182458/repository

plugin@net.sourceforge.nattable.core.source,2.1.0=p2IU,id=net.sourceforge.nattable.core.source,version=2.1.0.v201102070845,repository=http://download.eclipse.org/tools/orbit/downloads/drops/R20110523182458/repository

plugin@org.antlr.runtime,3.0.0=p2IU,id=org.antlr.runtime,version=3.0.0.v200803061811,repository=http://download.eclipse.org/tools/orbit/downloads/drops/R20110523182458/repository

plugin@org.antlr.runtime,3.2.0=p2IU,id=org.antlr.runtime,version=3.2.0.v201101311130,repository=http://download.eclipse.org/tools/orbit/downloads/drops/R20110523182458/repository

plugin@org.antlr.runtime.source,3.2.0=p2IU,id=org.antlr.runtime.source,version=3.2.0.v201101311130,repository=http://download.eclipse.org/tools/orbit/downloads/drops/R20110523182458/repository

plugin@org.antlr.runtime.source,3.0.0=p2IU,id=org.antlr.runtime.source,version=3.0.0.v200803061811,repository=http://download.eclipse.org/tools/orbit/downloads/drops/R20110523182458/repository

plugin@org.aopalliance,1.0.0=p2IU,id=org.aopalliance,version=1.0.0.v201105210816,repository=http://download.eclipse.org/tools/orbit/downloads/drops/R20110523182458/repository

plugin@org.apache.ant,1.7.1=p2IU,id=org.apache.ant,version=1.7.1.v20100518-1145,repository=http://download.eclipse.org/tools/orbit/downloads/drops/R20110523182458/repository

plugin@org.apache.ant,1.8.2=p2IU,id=org.apache.ant,version=1.8.2.v20110505-1300,repository=http://download.eclipse.org/tools/orbit/downloads/drops/R20110523182458/repository

plugin@org.apache.ant.source,1.7.1=p2IU,id=org.apache.ant.source,version=1.7.1.v20100518-1145,repository=http://download.eclipse.org/tools/orbit/downloads/drops/R20110523182458/repository

plugin@org.apache.ant.source,1.8.2=p2IU,id=org.apache.ant.source,version=1.8.2.v20110505-1300,repository=http://download.eclipse.org/tools/orbit/downloads/drops/R20110523182458/repository

plugin@org.apache.axis,1.4.0=p2IU,id=org.apache.axis,version=1.4.0.v201005080400,repository=http://download.eclipse.org/tools/orbit/downloads/drops/R20110523182458/repository

plugin@org.apache.batik.bridge,1.6.0=p2IU,id=org.apache.batik.bridge,version=1.6.0.v201011041432,repository=http://download.eclipse.org/tools/orbit/downloads/drops/R20110523182458/repository

plugin@org.apache.batik.bridge,1.7.0=p2IU,id=org.apache.batik.bridge,version=1.7.0.v201011041433,repository=http://download.eclipse.org/tools/orbit/downloads/drops/R20110523182458/repository

plugin@org.apache.batik.bridge.source,1.6.0=p2IU,id=org.apache.batik.bridge.source,version=1.6.0.v201011041432,repository=http://download.eclipse.org/tools/orbit/downloads/drops/R20110523182458/repository

plugin@org.apache.batik.bridge.source,1.7.0=p2IU,id=org.apache.batik.bridge.source,version=1.7.0.v201011041433,repository=http://download.eclipse.org/tools/orbit/downloads/drops/R20110523182458/repository

plugin@org.apache.batik.css,1.6.0=p2IU,id=org.apache.batik.css,version=1.6.0.v201011041432,repository=http://download.eclipse.org/tools/orbit/downloads/drops/R20110523182458/repository

plugin@org.apache.batik.css,1.7.0=p2IU,id=org.apache.batik.css,version=1.7.0.v201011041433,repository=http://download.eclipse.org/tools/orbit/downloads/drops/R20110523182458/repository

plugin@org.apache.batik.css.source,1.6.0=p2IU,id=org.apache.batik.css.source,version=1.6.0.v201011041432,repository=http://download.eclipse.org/tools/orbit/downloads/drops/R20110523182458/repository

plugin@org.apache.batik.css.source,1.7.0=p2IU,id=org.apache.batik.css.source,version=1.7.0.v201011041433,repository=http://download.eclipse.org/tools/orbit/downloads/drops/R20110523182458/repository

plugin@org.apache.batik.dom,1.6.0=p2IU,id=org.apache.batik.dom,version=1.6.0.v201011041432,repository=http://download.eclipse.org/tools/orbit/downloads/drops/R20110523182458/repository

plugin@org.apache.batik.dom,1.7.0=p2IU,id=org.apache.batik.dom,version=1.7.0.v201011041433,repository=http://download.eclipse.org/tools/orbit/downloads/drops/R20110523182458/repository

plugin@org.apache.batik.dom.source,1.7.0=p2IU,id=org.apache.batik.dom.source,version=1.7.0.v201011041433,repository=http://download.eclipse.org/tools/orbit/downloads/drops/R20110523182458/repository

plugin@org.apache.batik.dom.source,1.6.0=p2IU,id=org.apache.batik.dom.source,version=1.6.0.v201011041432,repository=http://download.eclipse.org/tools/orbit/downloads/drops/R20110523182458/repository

plugin@org.apache.batik.dom.svg,1.6.0=p2IU,id=org.apache.batik.dom.svg,version=1.6.0.v201011041432,repository=http://download.eclipse.org/tools/orbit/downloads/drops/R20110523182458/repository

plugin@org.apache.batik.dom.svg,1.7.0=p2IU,id=org.apache.batik.dom.svg,version=1.7.0.v201011041433,repository=http://download.eclipse.org/tools/orbit/downloads/drops/R20110523182458/repository

plugin@org.apache.batik.dom.svg.source,1.7.0=p2IU,id=org.apache.batik.dom.svg.source,version=1.7.0.v201011041433,repository=http://download.eclipse.org/tools/orbit/downloads/drops/R20110523182458/repository

plugin@org.apache.batik.dom.svg.source,1.6.0=p2IU,id=org.apache.batik.dom.svg.source,version=1.6.0.v201011041432,repository=http://download.eclipse.org/tools/orbit/downloads/drops/R20110523182458/repository

plugin@org.apache.batik.ext.awt,1.6.0=p2IU,id=org.apache.batik.ext.awt,version=1.6.0.v201011041432,repository=http://download.eclipse.org/tools/orbit/downloads/drops/R20110523182458/repository

plugin@org.apache.batik.ext.awt,1.7.0=p2IU,id=org.apache.batik.ext.awt,version=1.7.0.v201011041433,repository=http://download.eclipse.org/tools/orbit/downloads/drops/R20110523182458/repository

plugin@org.apache.batik.ext.awt.source,1.6.0=p2IU,id=org.apache.batik.ext.awt.source,version=1.6.0.v201011041432,repository=http://download.eclipse.org/tools/orbit/downloads/drops/R20110523182458/repository

plugin@org.apache.batik.ext.awt.source,1.7.0=p2IU,id=org.apache.batik.ext.awt.source,version=1.7.0.v201011041433,repository=http://download.eclipse.org/tools/orbit/downloads/drops/R20110523182458/repository

plugin@org.apache.batik.extension,1.6.0=p2IU,id=org.apache.batik.extension,version=1.6.0.v201011041432,repository=http://download.eclipse.org/tools/orbit/downloads/drops/R20110523182458/repository

plugin@org.apache.batik.extension,1.7.0=p2IU,id=org.apache.batik.extension,version=1.7.0.v201011041433,repository=http://download.eclipse.org/tools/orbit/downloads/drops/R20110523182458/repository

plugin@org.apache.batik.extension.source,1.6.0=p2IU,id=org.apache.batik.extension.source,version=1.6.0.v201011041432,repository=http://download.eclipse.org/tools/orbit/downloads/drops/R20110523182458/repository

plugin@org.apache.batik.extension.source,1.7.0=p2IU,id=org.apache.batik.extension.source,version=1.7.0.v201011041433,repository=http://download.eclipse.org/tools/orbit/downloads/drops/R20110523182458/repository

plugin@org.apache.batik.parser,1.6.0=p2IU,id=org.apache.batik.parser,version=1.6.0.v201011041432,repository=http://download.eclipse.org/tools/orbit/downloads/drops/R20110523182458/repository

plugin@org.apache.batik.parser,1.7.0=p2IU,id=org.apache.batik.parser,version=1.7.0.v201011041433,repository=http://download.eclipse.org/tools/orbit/downloads/drops/R20110523182458/repository

plugin@org.apache.batik.parser.source,1.6.0=p2IU,id=org.apache.batik.parser.source,version=1.6.0.v201011041432,repository=http://download.eclipse.org/tools/orbit/downloads/drops/R20110523182458/repository

plugin@org.apache.batik.parser.source,1.7.0=p2IU,id=org.apache.batik.parser.source,version=1.7.0.v201011041433,repository=http://download.eclipse.org/tools/orbit/downloads/drops/R20110523182458/repository

plugin@org.apache.batik.pdf,1.6.0=p2IU,id=org.apache.batik.pdf,version=1.6.0.v201105071520,repository=http://download.eclipse.org/tools/orbit/downloads/drops/R20110523182458/repository

plugin@org.apache.batik.svggen,1.6.0=p2IU,id=org.apache.batik.svggen,version=1.6.0.v201011041432,repository=http://download.eclipse.org/tools/orbit/downloads/drops/R20110523182458/repository

plugin@org.apache.batik.svggen,1.7.0=p2IU,id=org.apache.batik.svggen,version=1.7.0.v201011041433,repository=http://download.eclipse.org/tools/orbit/downloads/drops/R20110523182458/repository

plugin@org.apache.batik.svggen.source,1.6.0=p2IU,id=org.apache.batik.svggen.source,version=1.6.0.v201011041432,repository=http://download.eclipse.org/tools/orbit/downloads/drops/R20110523182458/repository

plugin@org.apache.batik.svggen.source,1.7.0=p2IU,id=org.apache.batik.svggen.source,version=1.7.0.v201011041433,repository=http://download.eclipse.org/tools/orbit/downloads/drops/R20110523182458/repository

plugin@org.apache.batik.swing,1.6.0=p2IU,id=org.apache.batik.swing,version=1.6.0.v201011041432,repository=http://download.eclipse.org/tools/orbit/downloads/drops/R20110523182458/repository

plugin@org.apache.batik.swing,1.7.0=p2IU,id=org.apache.batik.swing,version=1.7.0.v201011041433,repository=http://download.eclipse.org/tools/orbit/downloads/drops/R20110523182458/repository

plugin@org.apache.batik.swing.source,1.6.0=p2IU,id=org.apache.batik.swing.source,version=1.6.0.v201011041432,repository=http://download.eclipse.org/tools/orbit/downloads/drops/R20110523182458/repository

plugin@org.apache.batik.swing.source,1.7.0=p2IU,id=org.apache.batik.swing.source,version=1.7.0.v201011041433,repository=http://download.eclipse.org/tools/orbit/downloads/drops/R20110523182458/repository

plugin@org.apache.batik.transcoder,1.7.0=p2IU,id=org.apache.batik.transcoder,version=1.7.0.v201011041433,repository=http://download.eclipse.org/tools/orbit/downloads/drops/R20110523182458/repository

plugin@org.apache.batik.transcoder,1.6.0=p2IU,id=org.apache.batik.transcoder,version=1.6.0.v201011041432,repository=http://download.eclipse.org/tools/orbit/downloads/drops/R20110523182458/repository

plugin@org.apache.batik.transcoder.source,1.7.0=p2IU,id=org.apache.batik.transcoder.source,version=1.7.0.v201011041433,repository=http://download.eclipse.org/tools/orbit/downloads/drops/R20110523182458/repository

plugin@org.apache.batik.transcoder.source,1.6.0=p2IU,id=org.apache.batik.transcoder.source,version=1.6.0.v201011041432,repository=http://download.eclipse.org/tools/orbit/downloads/drops/R20110523182458/repository

plugin@org.apache.batik.util,1.6.0=p2IU,id=org.apache.batik.util,version=1.6.0.v201011041432,repository=http://download.eclipse.org/tools/orbit/downloads/drops/R20110523182458/repository

plugin@org.apache.batik.util,1.7.0=p2IU,id=org.apache.batik.util,version=1.7.0.v201011041433,repository=http://download.eclipse.org/tools/orbit/downloads/drops/R20110523182458/repository

plugin@org.apache.batik.util.gui,1.6.0=p2IU,id=org.apache.batik.util.gui,version=1.6.0.v201011041432,repository=http://download.eclipse.org/tools/orbit/downloads/drops/R20110523182458/repository

plugin@org.apache.batik.util.gui,1.7.0=p2IU,id=org.apache.batik.util.gui,version=1.7.0.v200903091627,repository=http://download.eclipse.org/tools/orbit/downloads/drops/R20110523182458/repository

plugin@org.apache.batik.util.gui.source,1.6.0=p2IU,id=org.apache.batik.util.gui.source,version=1.6.0.v201011041432,repository=http://download.eclipse.org/tools/orbit/downloads/drops/R20110523182458/repository

plugin@org.apache.batik.util.gui.source,1.7.0=p2IU,id=org.apache.batik.util.gui.source,version=1.7.0.v200903091627,repository=http://download.eclipse.org/tools/orbit/downloads/drops/R20110523182458/repository

plugin@org.apache.batik.util.source,1.6.0=p2IU,id=org.apache.batik.util.source,version=1.6.0.v201011041432,repository=http://download.eclipse.org/tools/orbit/downloads/drops/R20110523182458/repository

plugin@org.apache.batik.util.source,1.7.0=p2IU,id=org.apache.batik.util.source,version=1.7.0.v201011041433,repository=http://download.eclipse.org/tools/orbit/downloads/drops/R20110523182458/repository

plugin@org.apache.batik.xml,1.7.0=p2IU,id=org.apache.batik.xml,version=1.7.0.v201011041433,repository=http://download.eclipse.org/tools/orbit/downloads/drops/R20110523182458/repository

plugin@org.apache.batik.xml,1.6.0=p2IU,id=org.apache.batik.xml,version=1.6.0.v201011041432,repository=http://download.eclipse.org/tools/orbit/downloads/drops/R20110523182458/repository

plugin@org.apache.batik.xml.source,1.6.0=p2IU,id=org.apache.batik.xml.source,version=1.6.0.v201011041432,repository=http://download.eclipse.org/tools/orbit/downloads/drops/R20110523182458/repository

plugin@org.apache.batik.xml.source,1.7.0=p2IU,id=org.apache.batik.xml.source,version=1.7.0.v201011041433,repository=http://download.eclipse.org/tools/orbit/downloads/drops/R20110523182458/repository

plugin@org.apache.bcel,5.2.0=p2IU,id=org.apache.bcel,version=5.2.0.v201005080400,repository=http://download.eclipse.org/tools/orbit/downloads/drops/R20110523182458/repository

plugin@org.apache.bcel.source,5.2.0=p2IU,id=org.apache.bcel.source,version=5.2.0.v201005080400,repository=http://download.eclipse.org/tools/orbit/downloads/drops/R20110523182458/repository

plugin@org.apache.bsf,2.4.0=p2IU,id=org.apache.bsf,version=2.4.0.v201103030230,repository=http://download.eclipse.org/tools/orbit/downloads/drops/R20110523182458/repository

plugin@org.apache.bsf.source,2.4.0=p2IU,id=org.apache.bsf.source,version=2.4.0.v201103030230,repository=http://download.eclipse.org/tools/orbit/downloads/drops/R20110523182458/repository

plugin@org.apache.cassandra,0.7.0=p2IU,id=org.apache.cassandra,version=0.7.0.v20110412-1025,repository=http://download.eclipse.org/tools/orbit/downloads/drops/R20110523182458/repository

plugin@org.apache.cassandra.source,0.7.0=p2IU,id=org.apache.cassandra.source,version=0.7.0.v20110412-1025,repository=http://download.eclipse.org/tools/orbit/downloads/drops/R20110523182458/repository

plugin@org.apache.commons.beanutils,1.7.0=p2IU,id=org.apache.commons.beanutils,version=1.7.0.v200902170505,repository=http://download.eclipse.org/tools/orbit/downloads/drops/R20110523182458/repository

plugin@org.apache.commons.beanutils.source,1.7.0=p2IU,id=org.apache.commons.beanutils.source,version=1.7.0.v200803061811,repository=http://download.eclipse.org/tools/orbit/downloads/drops/R20110523182458/repository

plugin@org.apache.commons.cli,1.0.0=p2IU,id=org.apache.commons.cli,version=1.0.0.v201105210649,repository=http://download.eclipse.org/tools/orbit/downloads/drops/R20110523182458/repository

plugin@org.apache.commons.cli,1.2.0=p2IU,id=org.apache.commons.cli,version=1.2.0.v201105210650,repository=http://download.eclipse.org/tools/orbit/downloads/drops/R20110523182458/repository

plugin@org.apache.commons.cli.source,1.0.0=p2IU,id=org.apache.commons.cli.source,version=1.0.0.v201105210649,repository=http://download.eclipse.org/tools/orbit/downloads/drops/R20110523182458/repository

plugin@org.apache.commons.cli.source,1.2.0=p2IU,id=org.apache.commons.cli.source,version=1.2.0.v201105210650,repository=http://download.eclipse.org/tools/orbit/downloads/drops/R20110523182458/repository

plugin@org.apache.commons.codec,1.3.0=p2IU,id=org.apache.commons.codec,version=1.3.0.v201101211617,repository=http://download.eclipse.org/tools/orbit/downloads/drops/R20110523182458/repository

plugin@org.apache.commons.codec,1.2.0=p2IU,id=org.apache.commons.codec,version=1.2.0.v20100518-1135,repository=http://download.eclipse.org/tools/orbit/downloads/drops/R20110523182458/repository

plugin@org.apache.commons.codec.source,1.2.0=p2IU,id=org.apache.commons.codec.source,version=1.2.0.v20100518-1135,repository=http://download.eclipse.org/tools/orbit/downloads/drops/R20110523182458/repository

plugin@org.apache.commons.codec.source,1.3.0=p2IU,id=org.apache.commons.codec.source,version=1.3.0.v201101211617,repository=http://download.eclipse.org/tools/orbit/downloads/drops/R20110523182458/repository

plugin@org.apache.commons.collections,3.2.0=p2IU,id=org.apache.commons.collections,version=3.2.0.v201005080500,repository=http://download.eclipse.org/tools/orbit/downloads/drops/R20110523182458/repository

plugin@org.apache.commons.collections.source,3.2.0=p2IU,id=org.apache.commons.collections.source,version=3.2.0.v201005080500,repository=http://download.eclipse.org/tools/orbit/downloads/drops/R20110523182458/repository

plugin@org.apache.commons.discovery,0.2.0=p2IU,id=org.apache.commons.discovery,version=0.2.0.v201004190315,repository=http://download.eclipse.org/tools/orbit/downloads/drops/R20110523182458/repository

plugin@org.apache.commons.el,1.0.0=p2IU,id=org.apache.commons.el,version=1.0.0.v201101211617,repository=http://download.eclipse.org/tools/orbit/downloads/drops/R20110523182458/repository

plugin@org.apache.commons.el.source,1.0.0=p2IU,id=org.apache.commons.el.source,version=1.0.0.v201101211617,repository=http://download.eclipse.org/tools/orbit/downloads/drops/R20110523182458/repository

plugin@org.apache.commons.fileupload,1.2.0=p2IU,id=org.apache.commons.fileupload,version=1.2.0.v20080604-1500,repository=http://download.eclipse.org/tools/orbit/downloads/drops/R20110523182458/repository

plugin@org.apache.commons.fileupload.source,1.2.0=p2IU,id=org.apache.commons.fileupload.source,version=1.2.0.v20080604-1500,repository=http://download.eclipse.org/tools/orbit/downloads/drops/R20110523182458/repository

plugin@org.apache.commons.httpclient,3.0.1=p2IU,id=org.apache.commons.httpclient,version=3.0.1.v201005080501,repository=http://download.eclipse.org/tools/orbit/downloads/drops/R20110523182458/repository

plugin@org.apache.commons.httpclient,3.1.0=p2IU,id=org.apache.commons.httpclient,version=3.1.0.v201012070820,repository=http://download.eclipse.org/tools/orbit/downloads/drops/R20110523182458/repository

plugin@org.apache.commons.httpclient.source,3.0.1=p2IU,id=org.apache.commons.httpclient.source,version=3.0.1.v201005080501,repository=http://download.eclipse.org/tools/orbit/downloads/drops/R20110523182458/repository

plugin@org.apache.commons.httpclient.source,3.1.0=p2IU,id=org.apache.commons.httpclient.source,version=3.1.0.v201012070820,repository=http://download.eclipse.org/tools/orbit/downloads/drops/R20110523182458/repository

plugin@org.apache.commons.io,2.0.1=p2IU,id=org.apache.commons.io,version=2.0.1.v201105210651,repository=http://download.eclipse.org/tools/orbit/downloads/drops/R20110523182458/repository

plugin@org.apache.commons.io,1.4.0=p2IU,id=org.apache.commons.io,version=1.4.0.v20081110-1000,repository=http://download.eclipse.org/tools/orbit/downloads/drops/R20110523182458/repository

plugin@org.apache.commons.io,1.3.2=p2IU,id=org.apache.commons.io,version=1.3.2.v20080604-1500,repository=http://download.eclipse.org/tools/orbit/downloads/drops/R20110523182458/repository

plugin@org.apache.commons.io.source,1.4.0=p2IU,id=org.apache.commons.io.source,version=1.4.0.v20081110-1000,repository=http://download.eclipse.org/tools/orbit/downloads/drops/R20110523182458/repository

plugin@org.apache.commons.io.source,1.3.2=p2IU,id=org.apache.commons.io.source,version=1.3.2.v20080604-1500,repository=http://download.eclipse.org/tools/orbit/downloads/drops/R20110523182458/repository

plugin@org.apache.commons.io.source,2.0.1=p2IU,id=org.apache.commons.io.source,version=2.0.1.v201105210651,repository=http://download.eclipse.org/tools/orbit/downloads/drops/R20110523182458/repository

plugin@org.apache.commons.jxpath,1.2.0=p2IU,id=org.apache.commons.jxpath,version=1.2.0.v20080604-1500,repository=http://download.eclipse.org/tools/orbit/downloads/drops/R20110523182458/repository

plugin@org.apache.commons.jxpath,1.3.0=p2IU,id=org.apache.commons.jxpath,version=1.3.0.v200911051830,repository=http://download.eclipse.org/tools/orbit/downloads/drops/R20110523182458/repository

plugin@org.apache.commons.jxpath.source,1.2.0=p2IU,id=org.apache.commons.jxpath.source,version=1.2.0.v20080604-1500,repository=http://download.eclipse.org/tools/orbit/downloads/drops/R20110523182458/repository

plugin@org.apache.commons.jxpath.source,1.3.0=p2IU,id=org.apache.commons.jxpath.source,version=1.3.0.v200911051830,repository=http://download.eclipse.org/tools/orbit/downloads/drops/R20110523182458/repository

plugin@org.apache.commons.lang,2.3.0=p2IU,id=org.apache.commons.lang,version=2.3.0.v201005080501,repository=http://download.eclipse.org/tools/orbit/downloads/drops/R20110523182458/repository

plugin@org.apache.commons.lang,2.1.0=p2IU,id=org.apache.commons.lang,version=2.1.0.v201005080500,repository=http://download.eclipse.org/tools/orbit/downloads/drops/R20110523182458/repository

plugin@org.apache.commons.lang,2.4.0=p2IU,id=org.apache.commons.lang,version=2.4.0.v201005080502,repository=http://download.eclipse.org/tools/orbit/downloads/drops/R20110523182458/repository

plugin@org.apache.commons.lang.source,2.4.0=p2IU,id=org.apache.commons.lang.source,version=2.4.0.v201005080502,repository=http://download.eclipse.org/tools/orbit/downloads/drops/R20110523182458/repository

plugin@org.apache.commons.lang.source,2.3.0=p2IU,id=org.apache.commons.lang.source,version=2.3.0.v201005080501,repository=http://download.eclipse.org/tools/orbit/downloads/drops/R20110523182458/repository

plugin@org.apache.commons.lang.source,2.1.0=p2IU,id=org.apache.commons.lang.source,version=2.1.0.v201005080500,repository=http://download.eclipse.org/tools/orbit/downloads/drops/R20110523182458/repository

plugin@org.apache.commons.logging,1.0.4=p2IU,id=org.apache.commons.logging,version=1.0.4.v201101211617,repository=http://download.eclipse.org/tools/orbit/downloads/drops/R20110523182458/repository

plugin@org.apache.commons.logging,1.1.1=p2IU,id=org.apache.commons.logging,version=1.1.1.v201101211721,repository=http://download.eclipse.org/tools/orbit/downloads/drops/R20110523182458/repository

plugin@org.apache.commons.logging.source,1.1.1=p2IU,id=org.apache.commons.logging.source,version=1.1.1.v201101211721,repository=http://download.eclipse.org/tools/orbit/downloads/drops/R20110523182458/repository

plugin@org.apache.commons.logging.source,1.0.4=p2IU,id=org.apache.commons.logging.source,version=1.0.4.v201101211617,repository=http://download.eclipse.org/tools/orbit/downloads/drops/R20110523182458/repository

plugin@org.apache.commons.math,2.1.0=p2IU,id=org.apache.commons.math,version=2.1.0.v201105210652,repository=http://download.eclipse.org/tools/orbit/downloads/drops/R20110523182458/repository

plugin@org.apache.commons.math.source,2.1.0=p2IU,id=org.apache.commons.math.source,version=2.1.0.v201105210652,repository=http://download.eclipse.org/tools/orbit/downloads/drops/R20110523182458/repository

plugin@org.apache.commons.net,2.2.0=p2IU,id=org.apache.commons.net,version=2.2.0.v201101241833,repository=http://download.eclipse.org/tools/orbit/downloads/drops/R20110523182458/repository

plugin@org.apache.commons.net,2.0.0=p2IU,id=org.apache.commons.net,version=2.0.0.v201101241702,repository=http://download.eclipse.org/tools/orbit/downloads/drops/R20110523182458/repository

plugin@org.apache.commons.net,1.4.1=p2IU,id=org.apache.commons.net,version=1.4.1.v200905122237,repository=http://download.eclipse.org/tools/orbit/downloads/drops/R20110523182458/repository

plugin@org.apache.commons.net.source,2.2.0=p2IU,id=org.apache.commons.net.source,version=2.2.0.v201101241833,repository=http://download.eclipse.org/tools/orbit/downloads/drops/R20110523182458/repository

plugin@org.apache.commons.net.source,2.0.0=p2IU,id=org.apache.commons.net.source,version=2.0.0.v201101241702,repository=http://download.eclipse.org/tools/orbit/downloads/drops/R20110523182458/repository

plugin@org.apache.commons.net.source,1.4.1=p2IU,id=org.apache.commons.net.source,version=1.4.1.v200905122237,repository=http://download.eclipse.org/tools/orbit/downloads/drops/R20110523182458/repository

plugin@org.apache.commons.pool,1.3.0=p2IU,id=org.apache.commons.pool,version=1.3.0.v20081016-1005,repository=http://download.eclipse.org/tools/orbit/downloads/drops/R20110523182458/repository

plugin@org.apache.commons.pool,1.4.0=p2IU,id=org.apache.commons.pool,version=1.4.0.v20081016-1000,repository=http://download.eclipse.org/tools/orbit/downloads/drops/R20110523182458/repository

plugin@org.apache.commons.pool.source,1.3.0=p2IU,id=org.apache.commons.pool.source,version=1.3.0.v20081016-1005,repository=http://download.eclipse.org/tools/orbit/downloads/drops/R20110523182458/repository

plugin@org.apache.commons.pool.source,1.4.0=p2IU,id=org.apache.commons.pool.source,version=1.4.0.v20081016-1000,repository=http://download.eclipse.org/tools/orbit/downloads/drops/R20110523182458/repository

plugin@org.apache.derby,10.5.1=p2IU,id=org.apache.derby,version=10.5.1.1_201105231903,repository=http://download.eclipse.org/tools/orbit/downloads/drops/R20110523182458/repository

plugin@org.apache.derby.source,10.5.1=p2IU,id=org.apache.derby.source,version=10.5.1.1_201105231903,repository=http://download.eclipse.org/tools/orbit/downloads/drops/R20110523182458/repository

plugin@org.apache.felix.gogo.command,0.8.0=p2IU,id=org.apache.felix.gogo.command,version=0.8.0.v201105062003,repository=http://download.eclipse.org/tools/orbit/downloads/drops/R20110523182458/repository

plugin@org.apache.felix.gogo.command.source,0.8.0=p2IU,id=org.apache.felix.gogo.command.source,version=0.8.0.v201105062003,repository=http://download.eclipse.org/tools/orbit/downloads/drops/R20110523182458/repository

plugin@org.apache.felix.gogo.runtime,0.8.0=p2IU,id=org.apache.felix.gogo.runtime,version=0.8.0.v201105062003,repository=http://download.eclipse.org/tools/orbit/downloads/drops/R20110523182458/repository

plugin@org.apache.felix.gogo.runtime,0.6.1=p2IU,id=org.apache.felix.gogo.runtime,version=0.6.1.v20110414-1850,repository=http://download.eclipse.org/tools/orbit/downloads/drops/R20110523182458/repository

plugin@org.apache.felix.gogo.runtime.source,0.8.0=p2IU,id=org.apache.felix.gogo.runtime.source,version=0.8.0.v201105062003,repository=http://download.eclipse.org/tools/orbit/downloads/drops/R20110523182458/repository

plugin@org.apache.felix.gogo.runtime.source,0.6.1=p2IU,id=org.apache.felix.gogo.runtime.source,version=0.6.1.v20110414-1850,repository=http://download.eclipse.org/tools/orbit/downloads/drops/R20110523182458/repository

plugin@org.apache.felix.gogo.shell,0.8.0=p2IU,id=org.apache.felix.gogo.shell,version=0.8.0.v201105062003,repository=http://download.eclipse.org/tools/orbit/downloads/drops/R20110523182458/repository

plugin@org.apache.felix.gogo.shell.source,0.8.0=p2IU,id=org.apache.felix.gogo.shell.source,version=0.8.0.v201105062003,repository=http://download.eclipse.org/tools/orbit/downloads/drops/R20110523182458/repository

plugin@org.apache.hadoop.zookeeper,3.3.3=p2IU,id=org.apache.hadoop.zookeeper,version=3.3.3.v201105210832,repository=http://download.eclipse.org/tools/orbit/downloads/drops/R20110523182458/repository

plugin@org.apache.hadoop.zookeeper,3.3.2=p2IU,id=org.apache.hadoop.zookeeper,version=3.3.2.v201105210831,repository=http://download.eclipse.org/tools/orbit/downloads/drops/R20110523182458/repository

plugin@org.apache.hadoop.zookeeper,3.3.1=p2IU,id=org.apache.hadoop.zookeeper,version=3.3.1.v201105211106,repository=http://download.eclipse.org/tools/orbit/downloads/drops/R20110523182458/repository

plugin@org.apache.hadoop.zookeeper.source,3.3.3=p2IU,id=org.apache.hadoop.zookeeper.source,version=3.3.3.v201105210832,repository=http://download.eclipse.org/tools/orbit/downloads/drops/R20110523182458/repository

plugin@org.apache.hadoop.zookeeper.source,3.3.2=p2IU,id=org.apache.hadoop.zookeeper.source,version=3.3.2.v201105210831,repository=http://download.eclipse.org/tools/orbit/downloads/drops/R20110523182458/repository

plugin@org.apache.hadoop.zookeeper.source,3.3.1=p2IU,id=org.apache.hadoop.zookeeper.source,version=3.3.1.v201105211106,repository=http://download.eclipse.org/tools/orbit/downloads/drops/R20110523182458/repository

plugin@org.apache.httpcomponents.httpclient,4.1.0=p2IU,id=org.apache.httpcomponents.httpclient,version=4.1.0.v201103311320,repository=http://download.eclipse.org/tools/orbit/downloads/drops/R20110523182458/repository

plugin@org.apache.httpcomponents.httpclient.source,4.1.0=p2IU,id=org.apache.httpcomponents.httpclient.source,version=4.1.0.v201103311320,repository=http://download.eclipse.org/tools/orbit/downloads/drops/R20110523182458/repository

plugin@org.apache.httpcomponents.httpcore,4.0.0=p2IU,id=org.apache.httpcomponents.httpcore,version=4.0.0.v200905121600,repository=http://download.eclipse.org/tools/orbit/downloads/drops/R20110523182458/repository

plugin@org.apache.httpcomponents.httpcore,4.1.0=p2IU,id=org.apache.httpcomponents.httpcore,version=4.1.0.v201101201700,repository=http://download.eclipse.org/tools/orbit/downloads/drops/R20110523182458/repository

plugin@org.apache.httpcomponents.httpcore.nio,4.0.0=p2IU,id=org.apache.httpcomponents.httpcore.nio,version=4.0.0.v200905121600,repository=http://download.eclipse.org/tools/orbit/downloads/drops/R20110523182458/repository

plugin@org.apache.httpcomponents.httpcore.nio,4.1.0=p2IU,id=org.apache.httpcomponents.httpcore.nio,version=4.1.0.v201101201700,repository=http://download.eclipse.org/tools/orbit/downloads/drops/R20110523182458/repository

plugin@org.apache.httpcomponents.httpcore.nio.source,4.1.0=p2IU,id=org.apache.httpcomponents.httpcore.nio.source,version=4.1.0.v201101201700,repository=http://download.eclipse.org/tools/orbit/downloads/drops/R20110523182458/repository

plugin@org.apache.httpcomponents.httpcore.nio.source,4.0.0=p2IU,id=org.apache.httpcomponents.httpcore.nio.source,version=4.0.0.v200905121600,repository=http://download.eclipse.org/tools/orbit/downloads/drops/R20110523182458/repository

plugin@org.apache.httpcomponents.httpcore.source,4.1.0=p2IU,id=org.apache.httpcomponents.httpcore.source,version=4.1.0.v201101201700,repository=http://download.eclipse.org/tools/orbit/downloads/drops/R20110523182458/repository

plugin@org.apache.httpcomponents.httpcore.source,4.0.0=p2IU,id=org.apache.httpcomponents.httpcore.source,version=4.0.0.v200905121600,repository=http://download.eclipse.org/tools/orbit/downloads/drops/R20110523182458/repository

plugin@org.apache.jasper,5.5.17=p2IU,id=org.apache.jasper,version=5.5.17.v201101211617,repository=http://download.eclipse.org/tools/orbit/downloads/drops/R20110523182458/repository

plugin@org.apache.jasper.glassfish,2.1.0=p2IU,id=org.apache.jasper.glassfish,version=2.1.0.v201105210816,repository=http://download.eclipse.org/tools/orbit/downloads/drops/R20110523182458/repository

plugin@org.apache.jasper.glassfish.source,2.1.0=p2IU,id=org.apache.jasper.glassfish.source,version=2.1.0.v201105210816,repository=http://download.eclipse.org/tools/orbit/downloads/drops/R20110523182458/repository

plugin@org.apache.jasper.source,5.5.17=p2IU,id=org.apache.jasper.source,version=5.5.17.v201101211617,repository=http://download.eclipse.org/tools/orbit/downloads/drops/R20110523182458/repository

plugin@org.apache.log4j,1.2.15=p2IU,id=org.apache.log4j,version=1.2.15.v201012070815,repository=http://download.eclipse.org/tools/orbit/downloads/drops/R20110523182458/repository

plugin@org.apache.log4j,1.2.13=p2IU,id=org.apache.log4j,version=1.2.13.v200903072027,repository=http://download.eclipse.org/tools/orbit/downloads/drops/R20110523182458/repository

plugin@org.apache.log4j,1.2.8=p2IU,id=org.apache.log4j,version=1.2.8.v200803061910,repository=http://download.eclipse.org/tools/orbit/downloads/drops/R20110523182458/repository

plugin@org.apache.log4j.source,1.2.15=p2IU,id=org.apache.log4j.source,version=1.2.15.v201012070815,repository=http://download.eclipse.org/tools/orbit/downloads/drops/R20110523182458/repository

plugin@org.apache.lucene,1.9.1=p2IU,id=org.apache.lucene,version=1.9.1.v201101211617,repository=http://download.eclipse.org/tools/orbit/downloads/drops/R20110523182458/repository

plugin@org.apache.lucene,2.9.1=p2IU,id=org.apache.lucene,version=2.9.1.v201101211721,repository=http://download.eclipse.org/tools/orbit/downloads/drops/R20110523182458/repository

plugin@org.apache.lucene.analysis,1.9.1=p2IU,id=org.apache.lucene.analysis,version=1.9.1.v201101211617,repository=http://download.eclipse.org/tools/orbit/downloads/drops/R20110523182458/repository

plugin@org.apache.lucene.analysis,2.9.1=p2IU,id=org.apache.lucene.analysis,version=2.9.1.v201101211721,repository=http://download.eclipse.org/tools/orbit/downloads/drops/R20110523182458/repository

plugin@org.apache.lucene.analysis.source,2.9.1=p2IU,id=org.apache.lucene.analysis.source,version=2.9.1.v201101211721,repository=http://download.eclipse.org/tools/orbit/downloads/drops/R20110523182458/repository

plugin@org.apache.lucene.analysis.source,1.9.1=p2IU,id=org.apache.lucene.analysis.source,version=1.9.1.v201101211617,repository=http://download.eclipse.org/tools/orbit/downloads/drops/R20110523182458/repository

plugin@org.apache.lucene.core,2.9.1=p2IU,id=org.apache.lucene.core,version=2.9.1.v201101211721,repository=http://download.eclipse.org/tools/orbit/downloads/drops/R20110523182458/repository

plugin@org.apache.lucene.core.source,2.9.1=p2IU,id=org.apache.lucene.core.source,version=2.9.1.v201101211721,repository=http://download.eclipse.org/tools/orbit/downloads/drops/R20110523182458/repository

plugin@org.apache.lucene.highlighter,2.9.1=p2IU,id=org.apache.lucene.highlighter,version=2.9.1.v20100421-0704,repository=http://download.eclipse.org/tools/orbit/downloads/drops/R20110523182458/repository

plugin@org.apache.lucene.highlighter.source,2.9.1=p2IU,id=org.apache.lucene.highlighter.source,version=2.9.1.v20100421-0704,repository=http://download.eclipse.org/tools/orbit/downloads/drops/R20110523182458/repository

plugin@org.apache.lucene.memory,2.9.1=p2IU,id=org.apache.lucene.memory,version=2.9.1.v20100421-0704,repository=http://download.eclipse.org/tools/orbit/downloads/drops/R20110523182458/repository

plugin@org.apache.lucene.memory.source,2.9.1=p2IU,id=org.apache.lucene.memory.source,version=2.9.1.v20100421-0704,repository=http://download.eclipse.org/tools/orbit/downloads/drops/R20110523182458/repository

plugin@org.apache.lucene.misc,2.9.1=p2IU,id=org.apache.lucene.misc,version=2.9.1.v20100421-0704,repository=http://download.eclipse.org/tools/orbit/downloads/drops/R20110523182458/repository

plugin@org.apache.lucene.misc.source,2.9.1=p2IU,id=org.apache.lucene.misc.source,version=2.9.1.v20100421-0704,repository=http://download.eclipse.org/tools/orbit/downloads/drops/R20110523182458/repository

plugin@org.apache.lucene.queries,2.9.1=p2IU,id=org.apache.lucene.queries,version=2.9.1.v20100421-0704,repository=http://download.eclipse.org/tools/orbit/downloads/drops/R20110523182458/repository

plugin@org.apache.lucene.queries.source,2.9.1=p2IU,id=org.apache.lucene.queries.source,version=2.9.1.v20100421-0704,repository=http://download.eclipse.org/tools/orbit/downloads/drops/R20110523182458/repository

plugin@org.apache.lucene.snowball,2.9.1=p2IU,id=org.apache.lucene.snowball,version=2.9.1.v20100421-0704,repository=http://download.eclipse.org/tools/orbit/downloads/drops/R20110523182458/repository

plugin@org.apache.lucene.snowball.source,2.9.1=p2IU,id=org.apache.lucene.snowball.source,version=2.9.1.v20100421-0704,repository=http://download.eclipse.org/tools/orbit/downloads/drops/R20110523182458/repository

plugin@org.apache.lucene.source,1.9.1=p2IU,id=org.apache.lucene.source,version=1.9.1.v201101211617,repository=http://download.eclipse.org/tools/orbit/downloads/drops/R20110523182458/repository

plugin@org.apache.lucene.source,2.9.1=p2IU,id=org.apache.lucene.source,version=2.9.1.v201101211721,repository=http://download.eclipse.org/tools/orbit/downloads/drops/R20110523182458/repository

plugin@org.apache.lucene.spellchecker,2.9.1=p2IU,id=org.apache.lucene.spellchecker,version=2.9.1.v20100421-0704,repository=http://download.eclipse.org/tools/orbit/downloads/drops/R20110523182458/repository

plugin@org.apache.lucene.spellchecker.source,2.9.1=p2IU,id=org.apache.lucene.spellchecker.source,version=2.9.1.v20100421-0704,repository=http://download.eclipse.org/tools/orbit/downloads/drops/R20110523182458/repository

plugin@org.apache.neethi,2.0.4=p2IU,id=org.apache.neethi,version=2.0.4.1,repository=http://download.eclipse.org/tools/orbit/downloads/drops/R20110523182458/repository

plugin@org.apache.oro,2.0.8=p2IU,id=org.apache.oro,version=2.0.8.v201005080400,repository=http://download.eclipse.org/tools/orbit/downloads/drops/R20110523182458/repository

plugin@org.apache.oro.source,2.0.8=p2IU,id=org.apache.oro.source,version=2.0.8.v201005080400,repository=http://download.eclipse.org/tools/orbit/downloads/drops/R20110523182458/repository

plugin@org.apache.solr.client.solrj,1.4.0=p2IU,id=org.apache.solr.client.solrj,version=1.4.0.v20110304-1145,repository=http://download.eclipse.org/tools/orbit/downloads/drops/R20110523182458/repository

plugin@org.apache.solr.client.solrj.embedded,1.4.0=p2IU,id=org.apache.solr.client.solrj.embedded,version=1.4.0.v20100421-0704,repository=http://download.eclipse.org/tools/orbit/downloads/drops/R20110523182458/repository

plugin@org.apache.solr.client.solrj.embedded.source,1.4.0=p2IU,id=org.apache.solr.client.solrj.embedded.source,version=1.4.0.v20100421-0704,repository=http://download.eclipse.org/tools/orbit/downloads/drops/R20110523182458/repository

plugin@org.apache.solr.client.solrj.source,1.4.0=p2IU,id=org.apache.solr.client.solrj.source,version=1.4.0.v20100421-0704,repository=http://download.eclipse.org/tools/orbit/downloads/drops/R20110523182458/repository

plugin@org.apache.solr.common,1.4.0=p2IU,id=org.apache.solr.common,version=1.4.0.v20100421-0704,repository=http://download.eclipse.org/tools/orbit/downloads/drops/R20110523182458/repository

plugin@org.apache.solr.common.source,1.4.0=p2IU,id=org.apache.solr.common.source,version=1.4.0.v20100421-0704,repository=http://download.eclipse.org/tools/orbit/downloads/drops/R20110523182458/repository

plugin@org.apache.solr.core,1.4.0=p2IU,id=org.apache.solr.core,version=1.4.0.v20110304-0751,repository=http://download.eclipse.org/tools/orbit/downloads/drops/R20110523182458/repository

plugin@org.apache.solr.core.source,1.4.0=p2IU,id=org.apache.solr.core.source,version=1.4.0.v20100421-0704,repository=http://download.eclipse.org/tools/orbit/downloads/drops/R20110523182458/repository

plugin@org.apache.solr.servlet,1.4.0=p2IU,id=org.apache.solr.servlet,version=1.4.0.v20100421-0704,repository=http://download.eclipse.org/tools/orbit/downloads/drops/R20110523182458/repository

plugin@org.apache.solr.servlet.source,1.4.0=p2IU,id=org.apache.solr.servlet.source,version=1.4.0.v20100421-0704,repository=http://download.eclipse.org/tools/orbit/downloads/drops/R20110523182458/repository

plugin@org.apache.taglibs.standard.glassfish,1.2.0=p2IU,id=org.apache.taglibs.standard.glassfish,version=1.2.0.v201105210653,repository=http://download.eclipse.org/tools/orbit/downloads/drops/R20110523182458/repository

plugin@org.apache.taglibs.standard.glassfish.source,1.2.0=p2IU,id=org.apache.taglibs.standard.glassfish.source,version=1.2.0.v201105210653,repository=http://download.eclipse.org/tools/orbit/downloads/drops/R20110523182458/repository

plugin@org.apache.thrift,0.5.0=p2IU,id=org.apache.thrift,version=0.5.0.v20110412-1025,repository=http://download.eclipse.org/tools/orbit/downloads/drops/R20110523182458/repository

plugin@org.apache.thrift.source,0.5.0=p2IU,id=org.apache.thrift.source,version=0.5.0.v20110412-1025,repository=http://download.eclipse.org/tools/orbit/downloads/drops/R20110523182458/repository

plugin@org.apache.velocity,1.5.0=p2IU,id=org.apache.velocity,version=1.5.0.v200905192330,repository=http://download.eclipse.org/tools/orbit/downloads/drops/R20110523182458/repository

plugin@org.apache.ws.commons.schema,1.4.2=p2IU,id=org.apache.ws.commons.schema,version=1.4.2.v201003051240,repository=http://download.eclipse.org/tools/orbit/downloads/drops/R20110523182458/repository

plugin@org.apache.ws.commons.util,1.0.1=p2IU,id=org.apache.ws.commons.util,version=1.0.1.v20100518-1140,repository=http://download.eclipse.org/tools/orbit/downloads/drops/R20110523182458/repository

plugin@org.apache.ws.commons.util,1.0.0=p2IU,id=org.apache.ws.commons.util,version=1.0.0.v20100518-1135,repository=http://download.eclipse.org/tools/orbit/downloads/drops/R20110523182458/repository

plugin@org.apache.ws.jaxme,0.5.1=p2IU,id=org.apache.ws.jaxme,version=0.5.1.v20100427-1100,repository=http://download.eclipse.org/tools/orbit/downloads/drops/R20110523182458/repository

plugin@org.apache.wsil4j,1.0.0=p2IU,id=org.apache.wsil4j,version=1.0.0.v200901211807,repository=http://download.eclipse.org/tools/orbit/downloads/drops/R20110523182458/repository

plugin@org.apache.xalan,2.7.1=p2IU,id=org.apache.xalan,version=2.7.1.v201005080400,repository=http://download.eclipse.org/tools/orbit/downloads/drops/R20110523182458/repository

plugin@org.apache.xalan,2.7.0=p2IU,id=org.apache.xalan,version=2.7.0.v200806030241,repository=http://download.eclipse.org/tools/orbit/downloads/drops/R20110523182458/repository

plugin@org.apache.xerces,2.8.0=p2IU,id=org.apache.xerces,version=2.8.0.v200803070308,repository=http://download.eclipse.org/tools/orbit/downloads/drops/R20110523182458/repository

plugin@org.apache.xerces,2.9.0=p2IU,id=org.apache.xerces,version=2.9.0.v201101211617,repository=http://download.eclipse.org/tools/orbit/downloads/drops/R20110523182458/repository

plugin@org.apache.xml.resolver,1.1.0=p2IU,id=org.apache.xml.resolver,version=1.1.0.v200806030311,repository=http://download.eclipse.org/tools/orbit/downloads/drops/R20110523182458/repository

plugin@org.apache.xml.resolver,1.2.0=p2IU,id=org.apache.xml.resolver,version=1.2.0.v201005080400,repository=http://download.eclipse.org/tools/orbit/downloads/drops/R20110523182458/repository

plugin@org.apache.xml.security,1.4.2=p2IU,id=org.apache.xml.security,version=1.4.2.v201005080400,repository=http://download.eclipse.org/tools/orbit/downloads/drops/R20110523182458/repository

plugin@org.apache.xml.serializer,2.7.1=p2IU,id=org.apache.xml.serializer,version=2.7.1.v201005080400,repository=http://download.eclipse.org/tools/orbit/downloads/drops/R20110523182458/repository

plugin@org.apache.xmlrpc,3.0.0=p2IU,id=org.apache.xmlrpc,version=3.0.0.v20100427-1100,repository=http://download.eclipse.org/tools/orbit/downloads/drops/R20110523182458/repository

plugin@org.cliffc.high_scale_lib,1.1.2=p2IU,id=org.cliffc.high_scale_lib,version=1.1.2.v20110412-1025,repository=http://download.eclipse.org/tools/orbit/downloads/drops/R20110523182458/repository

plugin@org.cliffc.high_scale_lib.source,1.1.2=p2IU,id=org.cliffc.high_scale_lib.source,version=1.1.2.v20110412-1025,repository=http://download.eclipse.org/tools/orbit/downloads/drops/R20110523182458/repository

plugin@org.codehaus.jackson.core,1.6.0=p2IU,id=org.codehaus.jackson.core,version=1.6.0.v20101005-0925,repository=http://download.eclipse.org/tools/orbit/downloads/drops/R20110523182458/repository

plugin@org.codehaus.jackson.core.source,1.6.0=p2IU,id=org.codehaus.jackson.core.source,version=1.6.0.v20101005-0925,repository=http://download.eclipse.org/tools/orbit/downloads/drops/R20110523182458/repository

plugin@org.codehaus.jackson.jaxrs,1.6.0=p2IU,id=org.codehaus.jackson.jaxrs,version=1.6.0.v20101005-1100,repository=http://download.eclipse.org/tools/orbit/downloads/drops/R20110523182458/repository

plugin@org.codehaus.jackson.jaxrs.source,1.6.0=p2IU,id=org.codehaus.jackson.jaxrs.source,version=1.6.0.v20101005-1100,repository=http://download.eclipse.org/tools/orbit/downloads/drops/R20110523182458/repository

plugin@org.codehaus.jackson.mapper,1.6.0=p2IU,id=org.codehaus.jackson.mapper,version=1.6.0.v20101005-0925,repository=http://download.eclipse.org/tools/orbit/downloads/drops/R20110523182458/repository

plugin@org.codehaus.jackson.mapper.source,1.6.0=p2IU,id=org.codehaus.jackson.mapper.source,version=1.6.0.v20101005-0925,repository=http://download.eclipse.org/tools/orbit/downloads/drops/R20110523182458/repository

plugin@org.codehaus.jackson.smile,1.6.0=p2IU,id=org.codehaus.jackson.smile,version=1.6.0.v20101005-0925,repository=http://download.eclipse.org/tools/orbit/downloads/drops/R20110523182458/repository

plugin@org.codehaus.jackson.smile.source,1.6.0=p2IU,id=org.codehaus.jackson.smile.source,version=1.6.0.v20101005-0925,repository=http://download.eclipse.org/tools/orbit/downloads/drops/R20110523182458/repository

plugin@org.codehaus.jackson.xc,1.6.0=p2IU,id=org.codehaus.jackson.xc,version=1.6.0.v20101005-0925,repository=http://download.eclipse.org/tools/orbit/downloads/drops/R20110523182458/repository

plugin@org.codehaus.jackson.xc.source,1.6.0=p2IU,id=org.codehaus.jackson.xc.source,version=1.6.0.v20101005-0925,repository=http://download.eclipse.org/tools/orbit/downloads/drops/R20110523182458/repository

plugin@org.cyberneko.html,1.9.14=p2IU,id=org.cyberneko.html,version=1.9.14.v201105210654,repository=http://download.eclipse.org/tools/orbit/downloads/drops/R20110523182458/repository

plugin@org.dojotoolkit,1.6.1=p2IU,id=org.dojotoolkit,version=1.6.1.v201105210659,repository=http://download.eclipse.org/tools/orbit/downloads/drops/R20110523182458/repository

plugin@org.dojotoolkit,1.1.0=p2IU,id=org.dojotoolkit,version=1.1.0.v201105210657,repository=http://download.eclipse.org/tools/orbit/downloads/drops/R20110523182458/repository

plugin@org.dojotoolkit,1.5.0=p2IU,id=org.dojotoolkit,version=1.5.0.v201105210658,repository=http://download.eclipse.org/tools/orbit/downloads/drops/R20110523182458/repository

plugin@org.easymock,2.4.0=p2IU,id=org.easymock,version=2.4.0.v20090202-0900,repository=http://download.eclipse.org/tools/orbit/downloads/drops/R20110523182458/repository

plugin@org.easymock.source,2.4.0=p2IU,id=org.easymock.source,version=2.4.0.v20090202-0900,repository=http://download.eclipse.org/tools/orbit/downloads/drops/R20110523182458/repository

plugin@org.h2,1.1.117=p2IU,id=org.h2,version=1.1.117.v201105142352,repository=http://download.eclipse.org/tools/orbit/downloads/drops/R20110523182458/repository

plugin@org.h2.source,1.1.117=p2IU,id=org.h2.source,version=1.1.117.v201105142352,repository=http://download.eclipse.org/tools/orbit/downloads/drops/R20110523182458/repository

plugin@org.hamcrest,1.1.0=p2IU,id=org.hamcrest,version=1.1.0.v20090501071000,repository=http://download.eclipse.org/tools/orbit/downloads/drops/R20110523182458/repository

plugin@org.hamcrest.core,1.1.0=p2IU,id=org.hamcrest.core,version=1.1.0.v20090501071000,repository=http://download.eclipse.org/tools/orbit/downloads/drops/R20110523182458/repository

plugin@org.hamcrest.core.source,1.1.0=p2IU,id=org.hamcrest.core.source,version=1.1.0.v20090501071000,repository=http://download.eclipse.org/tools/orbit/downloads/drops/R20110523182458/repository

plugin@org.hamcrest.generator,1.1.0=p2IU,id=org.hamcrest.generator,version=1.1.0.v20090501071000,repository=http://download.eclipse.org/tools/orbit/downloads/drops/R20110523182458/repository

plugin@org.hamcrest.generator.source,1.1.0=p2IU,id=org.hamcrest.generator.source,version=1.1.0.v20090501071000,repository=http://download.eclipse.org/tools/orbit/downloads/drops/R20110523182458/repository

plugin@org.hamcrest.integration,1.1.0=p2IU,id=org.hamcrest.integration,version=1.1.0.v20090501071000,repository=http://download.eclipse.org/tools/orbit/downloads/drops/R20110523182458/repository

plugin@org.hamcrest.integration.source,1.1.0=p2IU,id=org.hamcrest.integration.source,version=1.1.0.v20090501071000,repository=http://download.eclipse.org/tools/orbit/downloads/drops/R20110523182458/repository

plugin@org.hamcrest.library,1.1.0=p2IU,id=org.hamcrest.library,version=1.1.0.v20090501071000,repository=http://download.eclipse.org/tools/orbit/downloads/drops/R20110523182458/repository

plugin@org.hamcrest.library.source,1.1.0=p2IU,id=org.hamcrest.library.source,version=1.1.0.v20090501071000,repository=http://download.eclipse.org/tools/orbit/downloads/drops/R20110523182458/repository

plugin@org.hamcrest.text,1.1.0=p2IU,id=org.hamcrest.text,version=1.1.0.v20090501071000,repository=http://download.eclipse.org/tools/orbit/downloads/drops/R20110523182458/repository

plugin@org.hamcrest.text.source,1.1.0=p2IU,id=org.hamcrest.text.source,version=1.1.0.v20090501071000,repository=http://download.eclipse.org/tools/orbit/downloads/drops/R20110523182458/repository

plugin@org.jdom,1.0.0=p2IU,id=org.jdom,version=1.0.0.v201005080400,repository=http://download.eclipse.org/tools/orbit/downloads/drops/R20110523182458/repository

plugin@org.jdom,1.1.1=p2IU,id=org.jdom,version=1.1.1.v201101151400,repository=http://download.eclipse.org/tools/orbit/downloads/drops/R20110523182458/repository

plugin@org.jdom.source,1.0.0=p2IU,id=org.jdom.source,version=1.0.0.v201005080400,repository=http://download.eclipse.org/tools/orbit/downloads/drops/R20110523182458/repository

plugin@org.jdom.source,1.1.1=p2IU,id=org.jdom.source,version=1.1.1.v201101151400,repository=http://download.eclipse.org/tools/orbit/downloads/drops/R20110523182458/repository

plugin@org.json,1.0.0=p2IU,id=org.json,version=1.0.0.v201011060100,repository=http://download.eclipse.org/tools/orbit/downloads/drops/R20110523182458/repository

plugin@org.junit,4.8.2=p2IU,id=org.junit,version=4.8.2.v4_8_2_v20110321-1705,repository=http://download.eclipse.org/tools/orbit/downloads/drops/R20110523182458/repository

plugin@org.junit,4.8.1=p2IU,id=org.junit,version=4.8.1.v4_8_1_v20100427-1100,repository=http://download.eclipse.org/tools/orbit/downloads/drops/R20110523182458/repository

plugin@org.junit,4.7.0=p2IU,id=org.junit,version=4.7.0.v4_7_0_v20100427-1100,repository=http://download.eclipse.org/tools/orbit/downloads/drops/R20110523182458/repository

plugin@org.junit,3.8.2=p2IU,id=org.junit,version=3.8.2.v3_8_2_v20100427-1100,repository=http://download.eclipse.org/tools/orbit/downloads/drops/R20110523182458/repository

plugin@org.junit.source,4.7.0=p2IU,id=org.junit.source,version=4.7.0.v4_7_0_v20100427-1100,repository=http://download.eclipse.org/tools/orbit/downloads/drops/R20110523182458/repository

plugin@org.junit.source,3.8.2=p2IU,id=org.junit.source,version=3.8.2.v3_8_2_v20100427-1100,repository=http://download.eclipse.org/tools/orbit/downloads/drops/R20110523182458/repository

plugin@org.junit.source,4.8.2=p2IU,id=org.junit.source,version=4.8.2.v4_8_2_v20110321-1705,repository=http://download.eclipse.org/tools/orbit/downloads/drops/R20110523182458/repository

plugin@org.junit.source,4.8.1=p2IU,id=org.junit.source,version=4.8.1.v4_8_1_v20100427-1100,repository=http://download.eclipse.org/tools/orbit/downloads/drops/R20110523182458/repository

plugin@org.kohsuke.args4j,2.0.12=p2IU,id=org.kohsuke.args4j,version=2.0.12.v200910131500,repository=http://download.eclipse.org/tools/orbit/downloads/drops/R20110523182458/repository

plugin@org.kohsuke.args4j.source,2.0.12=p2IU,id=org.kohsuke.args4j.source,version=2.0.12.v200910131500,repository=http://download.eclipse.org/tools/orbit/downloads/drops/R20110523182458/repository

plugin@org.mockito,1.8.4=p2IU,id=org.mockito,version=1.8.4.v201102171835,repository=http://download.eclipse.org/tools/orbit/downloads/drops/R20110523182458/repository

plugin@org.mockito.source,1.8.4=p2IU,id=org.mockito.source,version=1.8.4.v201102171835,repository=http://download.eclipse.org/tools/orbit/downloads/drops/R20110523182458/repository

plugin@org.mortbay.jetty,5.1.14=p2IU,id=org.mortbay.jetty,version=5.1.14.v200806031611,repository=http://download.eclipse.org/tools/orbit/downloads/drops/R20110523182458/repository

plugin@org.mortbay.jetty,5.1.11=p2IU,id=org.mortbay.jetty,version=5.1.11.v200806031610,repository=http://download.eclipse.org/tools/orbit/downloads/drops/R20110523182458/repository

plugin@org.mortbay.jetty.server,6.1.23=p2IU,id=org.mortbay.jetty.server,version=6.1.23.v201012071420,repository=http://download.eclipse.org/tools/orbit/downloads/drops/R20110523182458/repository

plugin@org.mortbay.jetty.server,6.1.15=p2IU,id=org.mortbay.jetty.server,version=6.1.15.v200905151201,repository=http://download.eclipse.org/tools/orbit/downloads/drops/R20110523182458/repository

plugin@org.mortbay.jetty.server,6.1.7=p2IU,id=org.mortbay.jetty.server,version=6.1.7.v200806031612,repository=http://download.eclipse.org/tools/orbit/downloads/drops/R20110523182458/repository

plugin@org.mortbay.jetty.server.source,6.1.7=p2IU,id=org.mortbay.jetty.server.source,version=6.1.7.v200806031612,repository=http://download.eclipse.org/tools/orbit/downloads/drops/R20110523182458/repository

plugin@org.mortbay.jetty.server.source,6.1.23=p2IU,id=org.mortbay.jetty.server.source,version=6.1.23.v201012071420,repository=http://download.eclipse.org/tools/orbit/downloads/drops/R20110523182458/repository

plugin@org.mortbay.jetty.server.source,6.1.15=p2IU,id=org.mortbay.jetty.server.source,version=6.1.15.v200905151201,repository=http://download.eclipse.org/tools/orbit/downloads/drops/R20110523182458/repository

plugin@org.mortbay.jetty.source,5.1.14=p2IU,id=org.mortbay.jetty.source,version=5.1.14.v200806031611,repository=http://download.eclipse.org/tools/orbit/downloads/drops/R20110523182458/repository

plugin@org.mortbay.jetty.source,5.1.11=p2IU,id=org.mortbay.jetty.source,version=5.1.11.v200806031610,repository=http://download.eclipse.org/tools/orbit/downloads/drops/R20110523182458/repository

plugin@org.mortbay.jetty.util,6.1.7=p2IU,id=org.mortbay.jetty.util,version=6.1.7.v200806031612,repository=http://download.eclipse.org/tools/orbit/downloads/drops/R20110523182458/repository

plugin@org.mortbay.jetty.util,6.1.23=p2IU,id=org.mortbay.jetty.util,version=6.1.23.v201012071420,repository=http://download.eclipse.org/tools/orbit/downloads/drops/R20110523182458/repository

plugin@org.mortbay.jetty.util,6.1.15=p2IU,id=org.mortbay.jetty.util,version=6.1.15.v200905182336,repository=http://download.eclipse.org/tools/orbit/downloads/drops/R20110523182458/repository

plugin@org.mortbay.jetty.util.source,6.1.23=p2IU,id=org.mortbay.jetty.util.source,version=6.1.23.v201012071420,repository=http://download.eclipse.org/tools/orbit/downloads/drops/R20110523182458/repository

plugin@org.mortbay.jetty.util.source,6.1.15=p2IU,id=org.mortbay.jetty.util.source,version=6.1.15.v200905182336,repository=http://download.eclipse.org/tools/orbit/downloads/drops/R20110523182458/repository

plugin@org.mortbay.jetty.util.source,6.1.7=p2IU,id=org.mortbay.jetty.util.source,version=6.1.7.v200806031612,repository=http://download.eclipse.org/tools/orbit/downloads/drops/R20110523182458/repository

plugin@org.mozilla.javascript,1.6.6=p2IU,id=org.mozilla.javascript,version=1.6.6.v200903061552,repository=http://download.eclipse.org/tools/orbit/downloads/drops/R20110523182458/repository

plugin@org.mozilla.javascript,1.6.2=p2IU,id=org.mozilla.javascript,version=1.6.2.v200806030330,repository=http://download.eclipse.org/tools/orbit/downloads/drops/R20110523182458/repository

plugin@org.mozilla.javascript,1.7.2=p2IU,id=org.mozilla.javascript,version=1.7.2.v201005080400,repository=http://download.eclipse.org/tools/orbit/downloads/drops/R20110523182458/repository

plugin@org.mozilla.javascript.source,1.7.2=p2IU,id=org.mozilla.javascript.source,version=1.7.2.v201005080400,repository=http://download.eclipse.org/tools/orbit/downloads/drops/R20110523182458/repository

plugin@org.objectweb.asm,3.2.0=p2IU,id=org.objectweb.asm,version=3.2.0.v200909071300,repository=http://download.eclipse.org/tools/orbit/downloads/drops/R20110523182458/repository

plugin@org.objectweb.asm,3.0.0=p2IU,id=org.objectweb.asm,version=3.0.0.v200803061811,repository=http://download.eclipse.org/tools/orbit/downloads/drops/R20110523182458/repository

plugin@org.objectweb.asm,3.3.1=p2IU,id=org.objectweb.asm,version=3.3.1.v201105211655,repository=http://download.eclipse.org/tools/orbit/downloads/drops/R20110523182458/repository

plugin@org.objectweb.asm,3.1.0=p2IU,id=org.objectweb.asm,version=3.1.0.v200803061910,repository=http://download.eclipse.org/tools/orbit/downloads/drops/R20110523182458/repository

plugin@org.objectweb.asm.source,3.0.0=p2IU,id=org.objectweb.asm.source,version=3.0.0.v200803061811,repository=http://download.eclipse.org/tools/orbit/downloads/drops/R20110523182458/repository

plugin@org.objectweb.asm.source,3.3.1=p2IU,id=org.objectweb.asm.source,version=3.3.1.v201105211655,repository=http://download.eclipse.org/tools/orbit/downloads/drops/R20110523182458/repository

plugin@org.objectweb.asm.source,3.1.0=p2IU,id=org.objectweb.asm.source,version=3.1.0.v200803061910,repository=http://download.eclipse.org/tools/orbit/downloads/drops/R20110523182458/repository

plugin@org.objectweb.asm.source,3.2.0=p2IU,id=org.objectweb.asm.source,version=3.2.0.v200909071300,repository=http://download.eclipse.org/tools/orbit/downloads/drops/R20110523182458/repository

plugin@org.objenesis,1.0.0=p2IU,id=org.objenesis,version=1.0.0.v201105211943,repository=http://download.eclipse.org/tools/orbit/downloads/drops/R20110523182458/repository

plugin@org.objenesis.source,1.0.0=p2IU,id=org.objenesis.source,version=1.0.0.v201105211943,repository=http://download.eclipse.org/tools/orbit/downloads/drops/R20110523182458/repository

plugin@org.openid4java,0.9.5=p2IU,id=org.openid4java,version=0.9.5.v201105210655,repository=http://download.eclipse.org/tools/orbit/downloads/drops/R20110523182458/repository

plugin@org.opensaml,1.1.0=p2IU,id=org.opensaml,version=1.1.0.v201105210827,repository=http://download.eclipse.org/tools/orbit/downloads/drops/R20110523182458/repository

plugin@org.prefuse,0.1.0=p2IU,id=org.prefuse,version=0.1.0.v20100514-1000,repository=http://download.eclipse.org/tools/orbit/downloads/drops/R20110523182458/repository

plugin@org.prefuse.source,0.1.0=p2IU,id=org.prefuse.source,version=0.1.0.v20100514-1000,repository=http://download.eclipse.org/tools/orbit/downloads/drops/R20110523182458/repository

plugin@org.quartz,1.8.3=p2IU,id=org.quartz,version=1.8.3.v20110329-1420,repository=http://download.eclipse.org/tools/orbit/downloads/drops/R20110523182458/repository

plugin@org.quartz.source,1.8.3=p2IU,id=org.quartz.source,version=1.8.3.v20110329-1420,repository=http://download.eclipse.org/tools/orbit/downloads/drops/R20110523182458/repository

plugin@org.sat4j.core,2.0.3=p2IU,id=org.sat4j.core,version=2.0.3.v20081021,repository=http://download.eclipse.org/tools/orbit/downloads/drops/R20110523182458/repository

plugin@org.sat4j.core,2.3.0=p2IU,id=org.sat4j.core,version=2.3.0.v20110329,repository=http://download.eclipse.org/tools/orbit/downloads/drops/R20110523182458/repository

plugin@org.sat4j.core,2.1.1=p2IU,id=org.sat4j.core,version=2.1.1.v20090825,repository=http://download.eclipse.org/tools/orbit/downloads/drops/R20110523182458/repository

plugin@org.sat4j.core,2.1.0=p2IU,id=org.sat4j.core,version=2.1.0.v20090520,repository=http://download.eclipse.org/tools/orbit/downloads/drops/R20110523182458/repository

plugin@org.sat4j.core,2.2.0=p2IU,id=org.sat4j.core,version=2.2.0.v20100429,repository=http://download.eclipse.org/tools/orbit/downloads/drops/R20110523182458/repository

plugin@org.sat4j.pb,2.2.0=p2IU,id=org.sat4j.pb,version=2.2.0.v20100429,repository=http://download.eclipse.org/tools/orbit/downloads/drops/R20110523182458/repository

plugin@org.sat4j.pb,2.0.3=p2IU,id=org.sat4j.pb,version=2.0.3.v20081021,repository=http://download.eclipse.org/tools/orbit/downloads/drops/R20110523182458/repository

plugin@org.sat4j.pb,2.3.0=p2IU,id=org.sat4j.pb,version=2.3.0.v20110329,repository=http://download.eclipse.org/tools/orbit/downloads/drops/R20110523182458/repository

plugin@org.sat4j.pb,2.1.1=p2IU,id=org.sat4j.pb,version=2.1.1.v20090825,repository=http://download.eclipse.org/tools/orbit/downloads/drops/R20110523182458/repository

plugin@org.sat4j.pb,2.1.0=p2IU,id=org.sat4j.pb,version=2.1.0.v20090520,repository=http://download.eclipse.org/tools/orbit/downloads/drops/R20110523182458/repository

plugin@org.slf4j.api,1.6.1=p2IU,id=org.slf4j.api,version=1.6.1.v20100831-0715,repository=http://download.eclipse.org/tools/orbit/downloads/drops/R20110523182458/repository

plugin@org.slf4j.api,1.5.11=p2IU,id=org.slf4j.api,version=1.5.11.v20100519-1910,repository=http://download.eclipse.org/tools/orbit/downloads/drops/R20110523182458/repository

plugin@org.slf4j.api.source,1.5.11=p2IU,id=org.slf4j.api.source,version=1.5.11.v20100519-1910,repository=http://download.eclipse.org/tools/orbit/downloads/drops/R20110523182458/repository

plugin@org.slf4j.api.source,1.6.1=p2IU,id=org.slf4j.api.source,version=1.6.1.v20100831-0715,repository=http://download.eclipse.org/tools/orbit/downloads/drops/R20110523182458/repository

plugin@org.slf4j.ext,1.6.1=p2IU,id=org.slf4j.ext,version=1.6.1.v20100831-0715,repository=http://download.eclipse.org/tools/orbit/downloads/drops/R20110523182458/repository

plugin@org.slf4j.ext,1.5.11=p2IU,id=org.slf4j.ext,version=1.5.11.v20100419-1106,repository=http://download.eclipse.org/tools/orbit/downloads/drops/R20110523182458/repository

plugin@org.slf4j.ext.source,1.6.1=p2IU,id=org.slf4j.ext.source,version=1.6.1.v20100831-0715,repository=http://download.eclipse.org/tools/orbit/downloads/drops/R20110523182458/repository

plugin@org.slf4j.ext.source,1.5.11=p2IU,id=org.slf4j.ext.source,version=1.5.11.v20100419-1106,repository=http://download.eclipse.org/tools/orbit/downloads/drops/R20110523182458/repository

plugin@org.slf4j.jcl,1.5.11=p2IU,id=org.slf4j.jcl,version=1.5.11.v20100419-1106,repository=http://download.eclipse.org/tools/orbit/downloads/drops/R20110523182458/repository

plugin@org.slf4j.jcl,1.6.1=p2IU,id=org.slf4j.jcl,version=1.6.1.v20100831-0715,repository=http://download.eclipse.org/tools/orbit/downloads/drops/R20110523182458/repository

plugin@org.slf4j.jcl.source,1.5.11=p2IU,id=org.slf4j.jcl.source,version=1.5.11.v20100419-1106,repository=http://download.eclipse.org/tools/orbit/downloads/drops/R20110523182458/repository

plugin@org.slf4j.jcl.source,1.6.1=p2IU,id=org.slf4j.jcl.source,version=1.6.1.v20100831-0715,repository=http://download.eclipse.org/tools/orbit/downloads/drops/R20110523182458/repository

plugin@org.slf4j.jul,1.5.11=p2IU,id=org.slf4j.jul,version=1.5.11.v20100419-1106,repository=http://download.eclipse.org/tools/orbit/downloads/drops/R20110523182458/repository

plugin@org.slf4j.jul,1.6.1=p2IU,id=org.slf4j.jul,version=1.6.1.v20100831-0715,repository=http://download.eclipse.org/tools/orbit/downloads/drops/R20110523182458/repository

plugin@org.slf4j.jul.source,1.5.11=p2IU,id=org.slf4j.jul.source,version=1.5.11.v20100419-1106,repository=http://download.eclipse.org/tools/orbit/downloads/drops/R20110523182458/repository

plugin@org.slf4j.jul.source,1.6.1=p2IU,id=org.slf4j.jul.source,version=1.6.1.v20100831-0715,repository=http://download.eclipse.org/tools/orbit/downloads/drops/R20110523182458/repository

plugin@org.slf4j.log4j,1.5.11=p2IU,id=org.slf4j.log4j,version=1.5.11.v20100419-1106,repository=http://download.eclipse.org/tools/orbit/downloads/drops/R20110523182458/repository

plugin@org.slf4j.log4j,1.6.1=p2IU,id=org.slf4j.log4j,version=1.6.1.v20100831-0715,repository=http://download.eclipse.org/tools/orbit/downloads/drops/R20110523182458/repository

plugin@org.slf4j.log4j.source,1.5.11=p2IU,id=org.slf4j.log4j.source,version=1.5.11.v20100419-1106,repository=http://download.eclipse.org/tools/orbit/downloads/drops/R20110523182458/repository

plugin@org.slf4j.log4j.source,1.6.1=p2IU,id=org.slf4j.log4j.source,version=1.6.1.v20100831-0715,repository=http://download.eclipse.org/tools/orbit/downloads/drops/R20110523182458/repository

plugin@org.uddi4j,2.0.5=p2IU,id=org.uddi4j,version=2.0.5.v200805270300,repository=http://download.eclipse.org/tools/orbit/downloads/drops/R20110523182458/repository

plugin@org.w3c.css.sac,1.3.1=p2IU,id=org.w3c.css.sac,version=1.3.1.v200903091627,repository=http://download.eclipse.org/tools/orbit/downloads/drops/R20110523182458/repository

plugin@org.w3c.css.sac,1.3.0=p2IU,id=org.w3c.css.sac,version=1.3.0.v200805290154,repository=http://download.eclipse.org/tools/orbit/downloads/drops/R20110523182458/repository

plugin@org.w3c.css.sac.source,1.3.1=p2IU,id=org.w3c.css.sac.source,version=1.3.1.v200903091627,repository=http://download.eclipse.org/tools/orbit/downloads/drops/R20110523182458/repository

plugin@org.w3c.css.sac.source,1.3.0=p2IU,id=org.w3c.css.sac.source,version=1.3.0.v200805290154,repository=http://download.eclipse.org/tools/orbit/downloads/drops/R20110523182458/repository

plugin@org.w3c.dom.events,3.0.0=p2IU,id=org.w3c.dom.events,version=3.0.0.draft20060413_v201105210656,repository=http://download.eclipse.org/tools/orbit/downloads/drops/R20110523182458/repository

plugin@org.w3c.dom.events.source,3.0.0=p2IU,id=org.w3c.dom.events.source,version=3.0.0.draft20060413_v201105210656,repository=http://download.eclipse.org/tools/orbit/downloads/drops/R20110523182458/repository

plugin@org.w3c.dom.smil,1.0.1=p2IU,id=org.w3c.dom.smil,version=1.0.1.v200903091627,repository=http://download.eclipse.org/tools/orbit/downloads/drops/R20110523182458/repository

plugin@org.w3c.dom.smil,1.0.0=p2IU,id=org.w3c.dom.smil,version=1.0.0.v200806040011,repository=http://download.eclipse.org/tools/orbit/downloads/drops/R20110523182458/repository

plugin@org.w3c.dom.smil.source,1.0.1=p2IU,id=org.w3c.dom.smil.source,version=1.0.1.v200903091627,repository=http://download.eclipse.org/tools/orbit/downloads/drops/R20110523182458/repository

plugin@org.w3c.dom.smil.source,1.0.0=p2IU,id=org.w3c.dom.smil.source,version=1.0.0.v200806040011,repository=http://download.eclipse.org/tools/orbit/downloads/drops/R20110523182458/repository

plugin@org.w3c.dom.svg,1.1.0=p2IU,id=org.w3c.dom.svg,version=1.1.0.v201011041433,repository=http://download.eclipse.org/tools/orbit/downloads/drops/R20110523182458/repository

plugin@org.w3c.dom.svg.source,1.1.0=p2IU,id=org.w3c.dom.svg.source,version=1.1.0.v201011041433,repository=http://download.eclipse.org/tools/orbit/downloads/drops/R20110523182458/repository

plugin@org.xbill.dns,2.0.8=p2IU,id=org.xbill.dns,version=2.0.8.v201010140805,repository=http://download.eclipse.org/tools/orbit/downloads/drops/R20110523182458/repository

plugin@org.xbill.dns.source,2.0.8=p2IU,id=org.xbill.dns.source,version=2.0.8.v201010140805,repository=http://download.eclipse.org/tools/orbit/downloads/drops/R20110523182458/repository
