!**** e4 UI
plugin@org.eclipse.e4.ui.di=GIT,tag=v20120217-1935,repo=git://git.eclipse.org/gitroot/platform/eclipse.platform.ui.git,path=bundles/org.eclipse.e4.ui.di
plugin@org.eclipse.e4.ui.services=GIT,tag=v20120209-1845,repo=git://git.eclipse.org/gitroot/platform/eclipse.platform.ui.git,path=bundles/org.eclipse.e4.ui.services
plugin@org.eclipse.e4.ui.model.workbench=GIT,tag=v20120221-1958,repo=git://git.eclipse.org/gitroot/platform/eclipse.platform.ui.git,path=bundles/org.eclipse.e4.ui.model.workbench
plugin@org.eclipse.e4.ui.model.workbench.edit=GIT,tag=v20120209-1845,repo=git://git.eclipse.org/gitroot/platform/eclipse.platform.ui.git,path=bundles/org.eclipse.e4.ui.model.workbench.edit
plugin@org.eclipse.e4.ui.workbench=GIT,tag=v20120314-1316,repo=git://git.eclipse.org/gitroot/platform/eclipse.platform.ui.git,path=bundles/org.eclipse.e4.ui.workbench
plugin@org.eclipse.e4.ui.workbench3=GIT,tag=v20120215-1332,repo=git://git.eclipse.org/gitroot/platform/eclipse.platform.ui.git,path=bundles/org.eclipse.e4.ui.workbench3
plugin@org.eclipse.e4.ui.workbench.renderers.swt=GIT,tag=v20120314-1758,repo=git://git.eclipse.org/gitroot/platform/eclipse.platform.ui.git,path=bundles/org.eclipse.e4.ui.workbench.renderers.swt
plugin@org.eclipse.e4.ui.workbench.swt=GIT,tag=v20120224-1612,repo=git://git.eclipse.org/gitroot/platform/eclipse.platform.ui.git,path=bundles/org.eclipse.e4.ui.workbench.swt
plugin@org.eclipse.e4.ui.widgets=GIT,tag=v20120312-0401,repo=git://git.eclipse.org/gitroot/platform/eclipse.platform.ui.git,path=bundles/org.eclipse.e4.ui.widgets
plugin@org.eclipse.e4.ui.bindings=GIT,tag=v20120313-1928,repo=git://git.eclipse.org/gitroot/platform/eclipse.platform.ui.git,path=bundles/org.eclipse.e4.ui.bindings
plugin@org.pushingpixels.trident=v20110609-1700,:pserver:anonymous@dev.eclipse.org:/cvsroot/eclipse,,e4/org.eclipse.e4.ui/bundles/org.pushingpixels.trident

plugin@org.eclipse.e4.ui.css.core=GIT,tag=v20120312-1146,repo=git://git.eclipse.org/gitroot/platform/eclipse.platform.ui.git,path=bundles/org.eclipse.e4.ui.css.core
plugin@org.eclipse.e4.ui.css.swt.theme=GIT,tag=v20120315-1637,repo=git://git.eclipse.org/gitroot/platform/eclipse.platform.ui.git,path=bundles/org.eclipse.e4.ui.css.swt.theme
plugin@org.eclipse.e4.ui.css.jface=GIT,tag=v20100720-1930,repo=git://git.eclipse.org/gitroot/e4/org.eclipse.e4.ui.git,path=bundles/org.eclipse.e4.ui.css.jface
plugin@org.eclipse.e4.ui.css.swt=GIT,tag=v20120314-1644,repo=git://git.eclipse.org/gitroot/platform/eclipse.platform.ui.git,path=bundles/org.eclipse.e4.ui.css.swt
plugin@org.eclipse.e4.ui.css.nebula=GIT,tag=v20100630-1000,repo=git://git.eclipse.org/gitroot/e4/org.eclipse.e4.ui.git,path=bundles/org.eclipse.e4.ui.css.nebula

fragment@org.eclipse.e4.ui.workbench.fragment=GIT,tag=v20120119-1606,repo=git://git.eclipse.org/gitroot/e4/org.eclipse.e4.ui.git,path=bundles/org.eclipse.e4.ui.workbench.fragment
fragment@org.eclipse.e4.ui.workbench.renderers.swt.cocoa=GIT,tag=v20120118-2201,repo=git://git.eclipse.org/gitroot/platform/eclipse.platform.ui.git,path=bundles/org.eclipse.e4.ui.workbench.renderers.swt.cocoa

plugin@org.eclipse.e4.ui.web=GIT,tag=v20110427-1700,repo=git://git.eclipse.org/gitroot/e4/org.eclipse.e4.ui.git,path=bundles/org.eclipse.e4.ui.web
plugin@org.eclipse.e4.pde.ui=GIT,tag=v20090714-1930,repo=git://git.eclipse.org/gitroot/e4/org.eclipse.e4.ui.git,path=bundles/org.eclipse.e4.pde.ui
plugin@org.eclipse.e4.pde.webui=GIT,tag=v20100531-1530,repo=git://git.eclipse.org/gitroot/e4/org.eclipse.e4.ui.git,path=bundles/org.eclipse.e4.pde.webui
plugin@org.eclipse.e4.ui.gadgets=GIT,tag=v20110613-2030,repo=git://git.eclipse.org/gitroot/e4/org.eclipse.e4.ui.git,path=bundles/org.eclipse.e4.ui.gadgets

plugin@org.eclipse.e4.emf.xpath=GIT,tag=v20111012-1223,repo=git://git.eclipse.org/gitroot/platform/eclipse.platform.ui.git,path=bundles/org.eclipse.e4.emf.xpath

plugin@org.eclipse.e4.tools.emf.ui=GIT,tag=v20120214-2243,repo=git://git.eclipse.org/gitroot/e4/org.eclipse.e4.tools.git,path=bundles/org.eclipse.e4.tools.emf.ui
plugin@org.eclipse.e4.tools.emf.editor3x=GIT,tag=v20120214-2252,repo=git://git.eclipse.org/gitroot/e4/org.eclipse.e4.tools.git,path=bundles/org.eclipse.e4.tools.emf.editor3x
plugin@org.eclipse.e4.tools.compat=GIT,tag=v20120309-1516,repo=git://git.eclipse.org/gitroot/e4/org.eclipse.e4.tools.git,path=bundles/org.eclipse.e4.tools.compat
plugin@org.eclipse.e4.tools.services=GIT,tag=v20120224-0022,repo=git://git.eclipse.org/gitroot/e4/org.eclipse.e4.tools.git,path=bundles/org.eclipse.e4.tools.services
plugin@org.eclipse.e4.tools.emf.liveeditor=GIT,tag=v20120119-1728,repo=git://git.eclipse.org/gitroot/e4/org.eclipse.e4.tools.git,path=bundles/org.eclipse.e4.tools.emf.liveeditor
plugin@org.eclipse.e4.tools=GIT,tag=v20120207-1904,repo=git://git.eclipse.org/gitroot/e4/org.eclipse.e4.tools.git,path=bundles/org.eclipse.e4.tools
plugin@org.eclipse.e4.tools.emf.ui.script.js=GIT,tag=v20110613-2030,repo=git://git.eclipse.org/gitroot/e4/org.eclipse.e4.tools.git,path=bundles/org.eclipse.e4.tools.emf.ui.script.js
plugin@org.eclipse.e4.tools.css.editor=GIT,tag=v20111202-2135,repo=git://git.eclipse.org/gitroot/e4/org.eclipse.e4.tools.git,path=bundles/org.eclipse.e4.tools.css.editor
plugin@org.eclipse.e4.tools.css.editor.ui=GIT,tag=v20120312-2340,repo=git://git.eclipse.org/gitroot/e4/org.eclipse.e4.tools.git,path=bundles/org.eclipse.e4.tools.css.editor.ui
plugin@org.eclipse.e4.tools.css.spy=GIT,tag=v20120312-1221,repo=git://git.eclipse.org/gitroot/e4/org.eclipse.e4.tools.git,path=bundles/org.eclipse.e4.tools.css.spy


!*** e4 UI examples
plugin@org.eclipse.nebula.widgets.gallery=R_0_20090212,:pserver:anonymous@dev.eclipse.org:/cvsroot/technology,,org.eclipse.swt.nebula/org.eclipse.nebula.widgets.gallery
plugin@org.eclipse.e4.demo.e4photo=GIT,tag=v20120119-1638,repo=git://git.eclipse.org/gitroot/platform/eclipse.platform.ui.git,path=examples/org.eclipse.e4.demo.e4photo
plugin@org.eclipse.e4.demo.contacts=GIT,tag=v20120312-1604,repo=git://git.eclipse.org/gitroot/platform/eclipse.platform.ui.git,path=examples/org.eclipse.e4.demo.contacts
plugin@org.eclipse.e4.ui.examples.css=GIT,tag=v20111007-1320,repo=git://git.eclipse.org/gitroot/platform/eclipse.platform.ui.git,path=examples/org.eclipse.e4.ui.examples.css
plugin@org.eclipse.e4.ui.examples.css.nebula=GIT,tag=v20090609-1530,repo=git://git.eclipse.org/gitroot/e4/org.eclipse.e4.ui.git,path=examples/org.eclipse.e4.ui.examples.css.nebula
plugin@org.eclipse.e4.ui.examples.css.rcp=GIT,tag=v20111007-1320,repo=git://git.eclipse.org/gitroot/platform/eclipse.platform.ui.git,path=examples/org.eclipse.e4.ui.examples.css.rcp
plugin@org.eclipse.e4.ui.examples.legacy.workbench=GIT,tag=v20100720-1930,repo=git://git.eclipse.org/gitroot/e4/org.eclipse.e4.ui.git,path=examples/org.eclipse.e4.ui.examples.legacy.workbench
plugin@org.eclipse.e4.ui.css.legacy=GIT,tag=v20101125-1630,repo=git://git.eclipse.org/gitroot/e4/org.eclipse.e4.ui.git,path=bundles/org.eclipse.e4.ui.css.legacy
plugin@org.eclipse.e4.examples.services=GIT,tag=v20111007-1320,repo=git://git.eclipse.org/gitroot/platform/eclipse.platform.ui.git,path=examples/org.eclipse.e4.examples.services



!*** e4 UI tests
plugin@org.eclipse.e4.ui.tests.css.swt=GIT,tag=v20120312-1849,repo=git://git.eclipse.org/gitroot/platform/eclipse.platform.ui.git,path=tests/org.eclipse.e4.ui.tests.css.swt
plugin@org.eclipse.e4.ui.tests.css.core=GIT,tag=v20111205-0214,repo=git://git.eclipse.org/gitroot/platform/eclipse.platform.ui.git,path=tests/org.eclipse.e4.ui.tests.css.core
plugin@org.eclipse.e4.ui.tests=GIT,tag=v20120314-1316,repo=git://git.eclipse.org/gitroot/platform/eclipse.platform.ui.git,path=tests/org.eclipse.e4.ui.tests
plugin@org.eclipse.e4.ui.bindings.tests=GIT,tag=v20120126-0008,repo=git://git.eclipse.org/gitroot/platform/eclipse.platform.ui.git,path=tests/org.eclipse.e4.ui.bindings.tests


!**** and build it
feature@org.eclipse.e4.ui.feature=GIT,tag=v20110613-2030,repo=git://git.eclipse.org/gitroot/e4/org.eclipse.e4.ui.git,path=features/org.eclipse.e4.ui.feature
feature@org.eclipse.e4.ui.web.feature=GIT,tag=v20091022-1230,repo=git://git.eclipse.org/gitroot/e4/org.eclipse.e4.ui.git,path=features/org.eclipse.e4.ui.web.feature
feature@org.eclipse.e4.ui.compatibility.feature=GIT,tag=v20091210-1930,repo=git://git.eclipse.org/gitroot/e4/org.eclipse.e4.ui.git,path=features/org.eclipse.e4.ui.compatibility.feature
feature@org.eclipse.e4.ui.css.feature=GIT,tag=v20100603-1900,repo=git://git.eclipse.org/gitroot/e4/org.eclipse.e4.ui.git,path=features/org.eclipse.e4.ui.css.feature
feature@org.eclipse.e4.ui.tests.feature=GIT,tag=v20110420-1700,repo=git://git.eclipse.org/gitroot/e4/org.eclipse.e4.ui.git,path=features/org.eclipse.e4.ui.tests.feature
feature@org.eclipse.e4.ui.examples.feature=GIT,tag=v20101215-1120,repo=git://git.eclipse.org/gitroot/e4/org.eclipse.e4.ui.git,path=features/org.eclipse.e4.ui.examples.feature

feature@org.eclipse.e4.core.tools.feature=GIT,tag=v20110613-2030,repo=git://git.eclipse.org/gitroot/e4/org.eclipse.e4.tools.git,path=features/org.eclipse.e4.core.tools.feature
feature@org.eclipse.e4.tools.e3x.bridge.feature=GIT,tag=v20110613-2030,repo=git://git.eclipse.org/gitroot/e4/org.eclipse.e4.tools.git,path=features/org.eclipse.e4.tools.e3x.bridge.feature
feature@org.eclipse.e4.tools.css.editor.feature=GIT,tag=v20111205-2035,repo=git://git.eclipse.org/gitroot/e4/org.eclipse.e4.tools.git,path=features/org.eclipse.e4.tools.css.editor.feature
feature@org.eclipse.e4.tools.css.spy.feature=GIT,tag=v20111206-1509,repo=git://git.eclipse.org/gitroot/e4/org.eclipse.e4.tools.git,path=features/org.eclipse.e4.tools.css.spy.feature

feature@org.eclipse.e4.sdk.runtime.feature=GIT,tag=v20110613-2030,repo=git://git.eclipse.org/gitroot/e4/org.eclipse.e4.ui.git,path=features/org.eclipse.e4.sdk.runtime.feature
feature@org.eclipse.e4.sdk.source.feature=GIT,tag=v20110808-1944,repo=git://git.eclipse.org/gitroot/e4/org.eclipse.e4.ui.git,path=features/org.eclipse.e4.sdk.source.feature
feature@org.eclipse.e4.master=GIT,tag=v20111205-2035,repo=git://git.eclipse.org/gitroot/e4/org.eclipse.e4.ui.git,path=features/org.eclipse.e4.master

!**** Test Suites
#plugin@org.eclipse.core.tests.harness=v20081006,:pserver:anonymous@dev.eclipse.org:/cvsroot/eclipse,
#plugin@org.eclipse.test.performance=v20081108,:pserver:anonymous@dev.eclipse.org:/cvsroot/eclipse,

#plugin@org.eclipse.core.tests.resources=v20081110,:pserver:anonymous@dev.eclipse.org:/cvsroot/eclipse,,e4/org.eclipse.e4.resources/tests/org.eclipse.core.tests.resources
#plugin@org.eclipse.osgi.tests=v20081103-1800,:pserver:anonymous@dev.eclipse.org:/cvsroot/rt,,org.eclipse.equinox/framework/bundles/org.eclipse.osgi.tests
