!***************  FEATURE CONTRIBUTION  ******************************************************

feature@org.eclipse.sdk=GIT,tag=v20120221,repo=git://git.eclipse.org/gitroot/platform/eclipse.platform.releng.git,path=features/org.eclipse.sdk
plugin@org.eclipse.sdk=GIT,tag=v20120203-1648,repo=git://git.eclipse.org/gitroot/platform/eclipse.platform.git,path=platform/org.eclipse.sdk

feature@org.eclipse.pde=GIT,tag=v20120104-1740,repo=git://git.eclipse.org/gitroot/pde/eclipse.pde,path=org.eclipse.pde-feature

feature@org.eclipse.pde.api.tools.ee.cdcfoundation10_feature=GIT,tag=v20120213-1710,repo=git://git.eclipse.org/gitroot/pde/eclipse.pde.ui.git,path=apitools/org.eclipse.pde.api.tools.ee.cdcfoundation10-feature
feature@org.eclipse.pde.api.tools.ee.cdcfoundation11_feature=GIT,tag=v20120213-1710,repo=git://git.eclipse.org/gitroot/pde/eclipse.pde.ui.git,path=apitools/org.eclipse.pde.api.tools.ee.cdcfoundation11-feature
feature@org.eclipse.pde.api.tools.ee.j2se12_feature=GIT,tag=v20120213-1710,repo=git://git.eclipse.org/gitroot/pde/eclipse.pde.ui.git,path=apitools/org.eclipse.pde.api.tools.ee.j2se12-feature
feature@org.eclipse.pde.api.tools.ee.j2se13_feature=GIT,tag=v20120213-1710,repo=git://git.eclipse.org/gitroot/pde/eclipse.pde.ui.git,path=apitools/org.eclipse.pde.api.tools.ee.j2se13-feature
feature@org.eclipse.pde.api.tools.ee.j2se14_feature=GIT,tag=v20120213-1710,repo=git://git.eclipse.org/gitroot/pde/eclipse.pde.ui.git,path=apitools/org.eclipse.pde.api.tools.ee.j2se14-feature
feature@org.eclipse.pde.api.tools.ee.j2se15_feature=GIT,tag=v20120213-1710,repo=git://git.eclipse.org/gitroot/pde/eclipse.pde.ui.git,path=apitools/org.eclipse.pde.api.tools.ee.j2se15-feature
feature@org.eclipse.pde.api.tools.ee.javase16_feature=GIT,tag=v20120213-1710,repo=git://git.eclipse.org/gitroot/pde/eclipse.pde.ui.git,path=apitools/org.eclipse.pde.api.tools.ee.javase16-feature
feature@org.eclipse.pde.api.tools.ee.jre11_feature=GIT,tag=v20120213-1710,repo=git://git.eclipse.org/gitroot/pde/eclipse.pde.ui.git,path=apitools/org.eclipse.pde.api.tools.ee.jre11-feature
feature@org.eclipse.pde.api.tools.ee.osgiminimum10_feature=GIT,tag=v20120213-1710,repo=git://git.eclipse.org/gitroot/pde/eclipse.pde.ui.git,path=apitools/org.eclipse.pde.api.tools.ee.osgiminimum10-feature
feature@org.eclipse.pde.api.tools.ee.osgiminimum11_feature=GIT,tag=v20120213-1710,repo=git://git.eclipse.org/gitroot/pde/eclipse.pde.ui.git,path=apitools/org.eclipse.pde.api.tools.ee.osgiminimum11-feature
feature@org.eclipse.pde.api.tools.ee.osgiminimum12_feature=GIT,tag=v20120213-1710,repo=git://git.eclipse.org/gitroot/pde/eclipse.pde.ui.git,path=apitools/org.eclipse.pde.api.tools.ee.osgiminimum12-feature

feature@org.eclipse.platform=GIT,tag=v20120221,repo=git://git.eclipse.org/gitroot/platform/eclipse.platform.releng.git,path=features/org.eclipse.platform-feature
plugin@org.eclipse.platform=GIT,tag=v20120203-1648,repo=git://git.eclipse.org/gitroot/platform/eclipse.platform.git,path=platform/org.eclipse.platform

feature@org.eclipse.sdk.examples=GIT,tag=v20110912,repo=git://git.eclipse.org/gitroot/platform/eclipse.platform.releng.git,path=features/org.eclipse.sdk.examples-feature
plugin@org.eclipse.sdk.examples=GIT,tag=v20110503,repo=git://git.eclipse.org/gitroot/platform/eclipse.platform.releng.git,path=bundles/org.eclipse.sdk.examples

feature@org.eclipse.sdk.tests=GIT,tag=v20120228,repo=git://git.eclipse.org/gitroot/platform/eclipse.platform.releng.git,path=features/org.eclipse.sdk.tests
plugin@org.eclipse.sdk.tests=GIT,tag=v20100907,repo=git://git.eclipse.org/gitroot/platform/eclipse.platform.releng.git,path=bundles/org.eclipse.sdk.tests

feature@org.eclipse.cvs=GIT,tag=v20111007-1310,repo=git://git.eclipse.org/gitroot/platform/eclipse.platform.team.git,path=features/org.eclipse.cvs-feature
plugin@org.eclipse.cvs=GIT,tag=v20110505-0800,repo=git://git.eclipse.org/gitroot/platform/eclipse.platform.releng.git,path=bundles/org.eclipse.cvs

feature@org.eclipse.help=GIT,tag=v20111111,repo=git://git.eclipse.org/gitroot/platform/eclipse.platform.releng.git,path=features/org.eclipse.help-feature

feature@org.eclipse.pde.api.tools.ee.feature=GIT,tag=v20120210-2212,repo=git://git.eclipse.org/gitroot/pde/eclipse.pde.ui.git,path=apitools/org.eclipse.pde.api.tools.ee.feature

feature@org.eclipse.pde.junit.runtime.addon=GIT,tag=v20110331,repo=git://git.eclipse.org/gitroot/platform/eclipse.platform.releng.git,path=features/org.eclipse.pde.junit.runtime.addon
feature@org.eclipse.pde.junit.runtime.standalone=GIT,tag=v20110913,repo=git://git.eclipse.org/gitroot/platform/eclipse.platform.releng.git,path=features/org.eclipse.pde.junit.runtime.standalone
feature@org.eclipse.license=GIT,tag=v20110208,repo=git://git.eclipse.org/gitroot/platform/eclipse.platform.releng.git,path=features/org.eclipse.license
