!***************  FEATURE CONTRIBUTION  ******************************************************
feature@org.eclipse.sdk=GIT,tag=v20120221-1643,repo=git://git.eclipse.org/gitroot/platform/eclipse.platform.releng.git,path=features/org.eclipse.sdk
plugin@org.eclipse.sdk=GIT,tag=v20120314-0312,repo=git://git.eclipse.org/gitroot/platform/eclipse.platform.git,path=platform/org.eclipse.sdk

feature@org.eclipse.platform=GIT,tag=v20120221-1643,repo=git://git.eclipse.org/gitroot/platform/eclipse.platform.releng.git,path=features/org.eclipse.platform-feature
plugin@org.eclipse.platform=GIT,tag=v20120314-1642,repo=git://git.eclipse.org/gitroot/platform/eclipse.platform.git,path=platform/org.eclipse.platform

feature@org.eclipse.license=GIT,tag=v20110208,repo=git://git.eclipse.org/gitroot/platform/eclipse.platform.releng.git,path=features/org.eclipse.license

feature@org.eclipse.jdt=p2IU,id=org.eclipse.jdt.feature.jar,repository=ECLIPSE_PLATFORM_REPO
feature@org.eclipse.jdt.source=p2IU,id=org.eclipse.jdt.source.feature.jar,repository=ECLIPSE_PLATFORM_REPO
feature@org.eclipse.pde=p2IU,id=org.eclipse.pde.feature.jar,repository=ECLIPSE_PLATFORM_REPO
feature@org.eclipse.pde.source=p2IU,id=org.eclipse.pde.source.feature.jar,repository=ECLIPSE_PLATFORM_REPO
feature@org.eclipse.cvs=p2IU,id=org.eclipse.cvs.feature.jar,repository=ECLIPSE_PLATFORM_REPO
feature@org.eclipse.cvs.source=p2IU,id=org.eclipse.cvs.source.feature.jar,repository=ECLIPSE_PLATFORM_REPO
plugin@org.eclipse.cvs=p2IU,id=org.eclipse.cvs,repository=ECLIPSE_PLATFORM_REPO
feature@org.eclipse.help=p2IU,id=org.eclipse.help.feature.jar,repository=ECLIPSE_PLATFORM_REPO
feature@org.eclipse.help.source=p2IU,id=org.eclipse.help.source.feature.jar,repository=ECLIPSE_PLATFORM_REPO
feature@org.eclipse.equinox.p2.user.ui=p2IU,id=org.eclipse.equinox.p2.user.ui.feature.jar,repository=ECLIPSE_PLATFORM_REPO
feature@org.eclipse.equinox.p2.user.ui.source=p2IU,id=org.eclipse.equinox.p2.user.ui.source.feature.jar,repository=ECLIPSE_PLATFORM_REPO
feature@org.eclipse.equinox.p2.core.feature=p2IU,id=org.eclipse.equinox.p2.core.feature.feature.jar,repository=ECLIPSE_PLATFORM_REPO
feature@org.eclipse.equinox.p2.core.feature.source=p2IU,id=org.eclipse.equinox.p2.core.feature.source.feature.jar,repository=ECLIPSE_PLATFORM_REPO
feature@org.eclipse.equinox.p2.extras.feature=p2IU,id=org.eclipse.equinox.p2.extras.feature.feature.jar,repository=ECLIPSE_PLATFORM_REPO
feature@org.eclipse.equinox.p2.extras.feature.source=p2IU,id=org.eclipse.equinox.p2.extras.feature.source.feature.jar,repository=ECLIPSE_PLATFORM_REPO
feature@org.eclipse.equinox.p2.rcp.feature=p2IU,id=org.eclipse.equinox.p2.rcp.feature.feature.jar,repository=ECLIPSE_PLATFORM_REPO
feature@org.eclipse.equinox.p2.rcp.feature.source=p2IU,id=org.eclipse.equinox.p2.rcp.feature.source.feature.jar,repository=ECLIPSE_PLATFORM_REPO
