!***************  DEBUG CONTRIBUTION  ******************************************************** 

plugin@org.eclipse.core.variables=GIT,tag=v20111215-1438,repo=git://git.eclipse.org/gitroot/platform/eclipse.platform.debug.git,path=org.eclipse.core.variables
plugin@org.eclipse.debug.core=GIT,tag=v20120229-2138,repo=git://git.eclipse.org/gitroot/platform/eclipse.platform.debug.git,path=org.eclipse.debug.core
plugin@org.eclipse.debug.ui=GIT,tag=v20120314-1459,repo=git://git.eclipse.org/gitroot/platform/eclipse.platform.debug.git,path=org.eclipse.debug.ui
plugin@org.eclipse.debug.examples.core=GIT,tag=v20120301-1551,repo=git://git.eclipse.org/gitroot/platform/eclipse.platform.debug.git,path=org.eclipse.debug.examples.core
plugin@org.eclipse.debug.examples.ui=GIT,tag=v20120309-2311,repo=git://git.eclipse.org/gitroot/platform/eclipse.platform.debug.git,path=org.eclipse.debug.examples.ui
plugin@org.eclipse.ui.externaltools=GIT,tag=v20111215-1438,repo=git://git.eclipse.org/gitroot/platform/eclipse.platform.debug.git,path=org.eclipse.ui.externaltools
plugin@org.eclipse.core.externaltools=GIT,tag=v20111215-1438,repo=git://git.eclipse.org/gitroot/platform/eclipse.platform.debug.git,path=org.eclipse.core.externaltools
plugin@org.eclipse.ui.console=GIT,tag=v20111215-1438,repo=git://git.eclipse.org/gitroot/platform/eclipse.platform.debug.git,path=org.eclipse.ui.console
plugin@org.eclipse.debug.tests=GIT,tag=v20120302-0544,repo=git://git.eclipse.org/gitroot/platform/eclipse.platform.debug.git,path=org.eclipse.debug.tests

plugin@org.eclipse.jdt.debug=GIT,tag=v20120307-1526,repo=git://git.eclipse.org/gitroot/jdt/eclipse.jdt.debug.git,path=org.eclipse.jdt.debug
plugin@org.eclipse.jdt.debug.ui=GIT,tag=v20120305-1601,repo=git://git.eclipse.org/gitroot/jdt/eclipse.jdt.debug.git,path=org.eclipse.jdt.debug.ui
plugin@org.eclipse.jdt.launching=GIT,tag=v20120312-2024,repo=git://git.eclipse.org/gitroot/jdt/eclipse.jdt.debug.git,path=org.eclipse.jdt.launching
plugin@org.eclipse.jdt.launching.macosx=GIT,tag=v20120301-0523,repo=git://git.eclipse.org/gitroot/jdt/eclipse.jdt.debug.git,path=org.eclipse.jdt.launching.macosx
plugin@org.eclipse.jdt.launching.ui.macosx=GIT,tag=v20120119-2105,repo=git://git.eclipse.org/gitroot/jdt/eclipse.jdt.debug.git,path=org.eclipse.jdt.launching.ui.macosx
plugin@org.eclipse.jdt.debug.tests=GIT,tag=v20120302-2319,repo=git://git.eclipse.org/gitroot/jdt/eclipse.jdt.debug.git,path=org.eclipse.jdt.debug.tests