!****************  RELENG CONTRIBUTION  ******************************************************** 

feature@master=GIT,tag=v20120212-2010,repo=git://git.eclipse.org/gitroot/platform/eclipse.platform.releng.git,path=features/master
feature@master-equinox=GIT,tag=v20111208a,repo=git://git.eclipse.org/gitroot/platform/eclipse.platform.releng.git,path=features/master-equinox
feature@master-equinox-p2=GIT,tag=v20110503,repo=git://git.eclipse.org/gitroot/platform/eclipse.platform.releng.git,path=features/master-equinox-p2
feature@master-equinox-weaving=GIT,tag=v20110505,repo=git://git.eclipse.org/gitroot/platform/eclipse.platform.releng.git,path=features/master-equinox-weaving
feature@master-jetty=GIT,tag=v20111111,repo=git://git.eclipse.org/gitroot/platform/eclipse.platform.releng.git,path=features/master-jetty
feature@master-ecf=GIT,tag=v20110503,repo=git://git.eclipse.org/gitroot/platform/eclipse.platform.releng.git,path=features/master-ecf

feature@com.ibm.icu.base=GIT,tag=v20110302,repo=git://git.eclipse.org/gitroot/platform/eclipse.platform.releng.git,path=features/com.ibm.icu.base

feature@org.eclipse.releng.tools=GIT,tag=v20120126-1438,repo=git://git.eclipse.org/gitroot/platform/eclipse.platform.releng.git,path=features/org.eclipse.releng.tools

plugin@org.eclipse.releng.tools=GIT,tag=v20120306-1549,repo=git://git.eclipse.org/gitroot/platform/eclipse.platform.releng.git,path=bundles/org.eclipse.releng.tools
plugin@org.eclipse.releng.tests=GIT,tag=v20120202-2154,repo=git://git.eclipse.org/gitroot/platform/eclipse.platform.releng.git,path=bundles/org.eclipse.releng.tests

plugin@org.eclipse.pde.tools.versioning=GIT,tag=v20120106-0806,repo=git://git.eclipse.org/gitroot/platform/eclipse.platform.releng.git,path=bundles/org.eclipse.pde.tools.versioning